Archive member included to satisfy reference by file (symbol)

c:/st/stm32cubeide_1.10.1/stm32cubeide/plugins/com.st.stm32cube.ide.mcu.externaltools.gnu-tools-for-stm32.10.3-2021.10.win32_1.0.0.202111181127/tools/bin/../lib/gcc/arm-none-eabi/10.3.1/../../../../arm-none-eabi/lib/thumb/v7e-m+dp/hard\libc_nano.a(lib_a-errno.o)
                              ./Core/Src/syscalls.o (__errno)
c:/st/stm32cubeide_1.10.1/stm32cubeide/plugins/com.st.stm32cube.ide.mcu.externaltools.gnu-tools-for-stm32.10.3-2021.10.win32_1.0.0.202111181127/tools/bin/../lib/gcc/arm-none-eabi/10.3.1/../../../../arm-none-eabi/lib/thumb/v7e-m+dp/hard\libc_nano.a(lib_a-exit.o)
                              c:/st/stm32cubeide_1.10.1/stm32cubeide/plugins/com.st.stm32cube.ide.mcu.externaltools.gnu-tools-for-stm32.10.3-2021.10.win32_1.0.0.202111181127/tools/bin/../lib/gcc/arm-none-eabi/10.3.1/../../../../arm-none-eabi/lib/thumb/v7e-m+dp/hard/crt0.o (exit)
c:/st/stm32cubeide_1.10.1/stm32cubeide/plugins/com.st.stm32cube.ide.mcu.externaltools.gnu-tools-for-stm32.10.3-2021.10.win32_1.0.0.202111181127/tools/bin/../lib/gcc/arm-none-eabi/10.3.1/../../../../arm-none-eabi/lib/thumb/v7e-m+dp/hard\libc_nano.a(lib_a-impure.o)
                              c:/st/stm32cubeide_1.10.1/stm32cubeide/plugins/com.st.stm32cube.ide.mcu.externaltools.gnu-tools-for-stm32.10.3-2021.10.win32_1.0.0.202111181127/tools/bin/../lib/gcc/arm-none-eabi/10.3.1/../../../../arm-none-eabi/lib/thumb/v7e-m+dp/hard\libc_nano.a(lib_a-exit.o) (_global_impure_ptr)
c:/st/stm32cubeide_1.10.1/stm32cubeide/plugins/com.st.stm32cube.ide.mcu.externaltools.gnu-tools-for-stm32.10.3-2021.10.win32_1.0.0.202111181127/tools/bin/../lib/gcc/arm-none-eabi/10.3.1/../../../../arm-none-eabi/lib/thumb/v7e-m+dp/hard\libc_nano.a(lib_a-init.o)
                              c:/st/stm32cubeide_1.10.1/stm32cubeide/plugins/com.st.stm32cube.ide.mcu.externaltools.gnu-tools-for-stm32.10.3-2021.10.win32_1.0.0.202111181127/tools/bin/../lib/gcc/arm-none-eabi/10.3.1/../../../../arm-none-eabi/lib/thumb/v7e-m+dp/hard/crt0.o (__libc_init_array)
c:/st/stm32cubeide_1.10.1/stm32cubeide/plugins/com.st.stm32cube.ide.mcu.externaltools.gnu-tools-for-stm32.10.3-2021.10.win32_1.0.0.202111181127/tools/bin/../lib/gcc/arm-none-eabi/10.3.1/../../../../arm-none-eabi/lib/thumb/v7e-m+dp/hard\libc_nano.a(lib_a-memcpy-stub.o)
                              ./Core/Src/common_porting.o (memcpy)
c:/st/stm32cubeide_1.10.1/stm32cubeide/plugins/com.st.stm32cube.ide.mcu.externaltools.gnu-tools-for-stm32.10.3-2021.10.win32_1.0.0.202111181127/tools/bin/../lib/gcc/arm-none-eabi/10.3.1/../../../../arm-none-eabi/lib/thumb/v7e-m+dp/hard\libc_nano.a(lib_a-memset.o)
                              c:/st/stm32cubeide_1.10.1/stm32cubeide/plugins/com.st.stm32cube.ide.mcu.externaltools.gnu-tools-for-stm32.10.3-2021.10.win32_1.0.0.202111181127/tools/bin/../lib/gcc/arm-none-eabi/10.3.1/../../../../arm-none-eabi/lib/thumb/v7e-m+dp/hard/crt0.o (memset)
c:/st/stm32cubeide_1.10.1/stm32cubeide/plugins/com.st.stm32cube.ide.mcu.externaltools.gnu-tools-for-stm32.10.3-2021.10.win32_1.0.0.202111181127/tools/bin/../lib/gcc/arm-none-eabi/10.3.1/../../../../arm-none-eabi/lib/thumb/v7e-m+dp/hard\libc_nano.a(lib_a-nano-vfprintf_float.o)
                              (_printf_float)
c:/st/stm32cubeide_1.10.1/stm32cubeide/plugins/com.st.stm32cube.ide.mcu.externaltools.gnu-tools-for-stm32.10.3-2021.10.win32_1.0.0.202111181127/tools/bin/../lib/gcc/arm-none-eabi/10.3.1/../../../../arm-none-eabi/lib/thumb/v7e-m+dp/hard\libc_nano.a(lib_a-nano-vfprintf_i.o)
                              c:/st/stm32cubeide_1.10.1/stm32cubeide/plugins/com.st.stm32cube.ide.mcu.externaltools.gnu-tools-for-stm32.10.3-2021.10.win32_1.0.0.202111181127/tools/bin/../lib/gcc/arm-none-eabi/10.3.1/../../../../arm-none-eabi/lib/thumb/v7e-m+dp/hard\libc_nano.a(lib_a-nano-vfprintf_float.o) (_printf_common)
c:/st/stm32cubeide_1.10.1/stm32cubeide/plugins/com.st.stm32cube.ide.mcu.externaltools.gnu-tools-for-stm32.10.3-2021.10.win32_1.0.0.202111181127/tools/bin/../lib/gcc/arm-none-eabi/10.3.1/../../../../arm-none-eabi/lib/thumb/v7e-m+dp/hard\libc_nano.a(lib_a-printf.o)
                              ./Core/Src/main.o (printf)
c:/st/stm32cubeide_1.10.1/stm32cubeide/plugins/com.st.stm32cube.ide.mcu.externaltools.gnu-tools-for-stm32.10.3-2021.10.win32_1.0.0.202111181127/tools/bin/../lib/gcc/arm-none-eabi/10.3.1/../../../../arm-none-eabi/lib/thumb/v7e-m+dp/hard\libc_nano.a(lib_a-strlen.o)
                              c:/st/stm32cubeide_1.10.1/stm32cubeide/plugins/com.st.stm32cube.ide.mcu.externaltools.gnu-tools-for-stm32.10.3-2021.10.win32_1.0.0.202111181127/tools/bin/../lib/gcc/arm-none-eabi/10.3.1/../../../../arm-none-eabi/lib/thumb/v7e-m+dp/hard\libc_nano.a(lib_a-nano-vfprintf_float.o) (strlen)
[...]
Memory Configuration

Name             Origin             Length             Attributes
FLASH            0x0000000008000000 0x0000000000200000 xr
DTCMRAM          0x0000000020000000 0x0000000000020000 xrw
RAM_D1           0x0000000024000000 0x0000000000080000 xrw
RAM_D2           0x0000000030000000 0x0000000000048000 xrw
RAM_D3           0x0000000038000000 0x0000000000010000 xrw
ITCMRAM          0x0000000000000000 0x0000000000010000 xrw
*default*        0x0000000000000000 0xffffffffffffffff

Linker script and memory map

LOAD c:/st/stm32cubeide_1.10.1/stm32cubeide/plugins/com.st.stm32cube.ide.mcu.externaltools.gnu-tools-for-stm32.10.3-2021.10.win32_1.0.0.202111181127/tools/bin/../lib/gcc/arm-none-eabi/10.3.1/thumb/v7e-m+dp/hard/crti.o
LOAD c:/st/stm32cubeide_1.10.1/stm32cubeide/plugins/com.st.stm32cube.ide.mcu.externaltools.gnu-tools-for-stm32.10.3-2021.10.win32_1.0.0.202111181127/tools/bin/../lib/gcc/arm-none-eabi/10.3.1/thumb/v7e-m+dp/hard/crtbegin.o
LOAD c:/st/stm32cubeide_1.10.1/stm32cubeide/plugins/com.st.stm32cube.ide.mcu.externaltools.gnu-tools-for-stm32.10.3-2021.10.win32_1.0.0.202111181127/tools/bin/../lib/gcc/arm-none-eabi/10.3.1/../../../../arm-none-eabi/lib/thumb/v7e-m+dp/hard/crt0.o
LOAD ./Core/Fusion/FusionAhrs.o
LOAD ./Core/Fusion/FusionBias.o
LOAD ./Core/Fusion/FusionCompass.o
LOAD ./Core/Src/FusionAHRS.o
LOAD ./Core/Src/LowPassFilter.o
LOAD ./Core/Src/NotchFilter.o
LOAD ./Core/Src/bmi160.o
LOAD ./Core/Src/bmi160_wrapper.o
LOAD ./Core/Src/common_porting.o
LOAD ./Core/Src/gpio.o
LOAD ./Core/Src/i2c.o
LOAD ./Core/Src/main.o
LOAD ./Core/Src/quaternion.o
LOAD ./Core/Src/stm32h7xx_hal_msp.o
LOAD ./Core/Src/stm32h7xx_it.o
LOAD ./Core/Src/syscalls.o
LOAD ./Core/Src/sysmem.o
LOAD ./Core/Src/system_stm32h7xx.o
LOAD ./Core/Src/usart.o
LOAD ./Core/Startup/startup_stm32h743vitx.o
LOAD ./Drivers/STM32H7xx_HAL_Driver/Src/stm32h7xx_hal.o
LOAD ./Drivers/STM32H7xx_HAL_Driver/Src/stm32h7xx_hal_cortex.o
LOAD ./Drivers/STM32H7xx_HAL_Driver/Src/stm32h7xx_hal_dma.o
LOAD ./Drivers/STM32H7xx_HAL_Driver/Src/stm32h7xx_hal_dma_ex.o
LOAD ./Drivers/STM32H7xx_HAL_Driver/Src/stm32h7xx_hal_exti.o
LOAD ./Drivers/STM32H7xx_HAL_Driver/Src/stm32h7xx_hal_flash.o
LOAD ./Drivers/STM32H7xx_HAL_Driver/Src/stm32h7xx_hal_flash_ex.o
LOAD ./Drivers/STM32H7xx_HAL_Driver/Src/stm32h7xx_hal_gpio.o
LOAD ./Drivers/STM32H7xx_HAL_Driver/Src/stm32h7xx_hal_hsem.o
LOAD ./Drivers/STM32H7xx_HAL_Driver/Src/stm32h7xx_hal_i2c.o
LOAD ./Drivers/STM32H7xx_HAL_Driver/Src/stm32h7xx_hal_i2c_ex.o
LOAD ./Drivers/STM32H7xx_HAL_Driver/Src/stm32h7xx_hal_mdma.o
LOAD ./Drivers/STM32H7xx_HAL_Driver/Src/stm32h7xx_hal_pwr.o
LOAD ./Drivers/STM32H7xx_HAL_Driver/Src/stm32h7xx_hal_pwr_ex.o
LOAD ./Drivers/STM32H7xx_HAL_Driver/Src/stm32h7xx_hal_rcc.o
LOAD ./Drivers/STM32H7xx_HAL_Driver/Src/stm32h7xx_hal_rcc_ex.o
LOAD ./Drivers/STM32H7xx_HAL_Driver/Src/stm32h7xx_hal_tim.o
LOAD ./Drivers/STM32H7xx_HAL_Driver/Src/stm32h7xx_hal_tim_ex.o
LOAD ./Drivers/STM32H7xx_HAL_Driver/Src/stm32h7xx_hal_uart.o
LOAD ./Drivers/STM32H7xx_HAL_Driver/Src/stm32h7xx_hal_uart_ex.o
LOAD C:\Users\ibrahim\Desktop\VTVL\STM32CubeIDE Projects\STM32H743\H743-AHRS-BMI160\Drivers\CMSIS\DSP\Lib\GCC\libarm_cortexM7lfsp_math.a
START GROUP
LOAD c:/st/stm32cubeide_1.10.1/stm32cubeide/plugins/com.st.stm32cube.ide.mcu.externaltools.gnu-tools-for-stm32.10.3-2021.10.win32_1.0.0.202111181127/tools/bin/../lib/gcc/arm-none-eabi/10.3.1/../../../../arm-none-eabi/lib/thumb/v7e-m+dp/hard\libc_nano.a
LOAD c:/st/stm32cubeide_1.10.1/stm32cubeide/plugins/com.st.stm32cube.ide.mcu.externaltools.gnu-tools-for-stm32.10.3-2021.10.win32_1.0.0.202111181127/tools/bin/../lib/gcc/arm-none-eabi/10.3.1/../../../../arm-none-eabi/lib/thumb/v7e-m+dp/hard\libm.a
END GROUP
START GROUP
LOAD c:/st/stm32cubeide_1.10.1/stm32cubeide/plugins/com.st.stm32cube.ide.mcu.externaltools.gnu-tools-for-stm32.10.3-2021.10.win32_1.0.0.202111181127/tools/bin/../lib/gcc/arm-none-eabi/10.3.1/thumb/v7e-m+dp/hard\libgcc.a
LOAD c:/st/stm32cubeide_1.10.1/stm32cubeide/plugins/com.st.stm32cube.ide.mcu.externaltools.gnu-tools-for-stm32.10.3-2021.10.win32_1.0.0.202111181127/tools/bin/../lib/gcc/arm-none-eabi/10.3.1/../../../../arm-none-eabi/lib/thumb/v7e-m+dp/hard\libc_nano.a
END GROUP
START GROUP
LOAD c:/st/stm32cubeide_1.10.1/stm32cubeide/plugins/com.st.stm32cube.ide.mcu.externaltools.gnu-tools-for-stm32.10.3-2021.10.win32_1.0.0.202111181127/tools/bin/../lib/gcc/arm-none-eabi/10.3.1/thumb/v7e-m+dp/hard\libgcc.a
LOAD c:/st/stm32cubeide_1.10.1/stm32cubeide/plugins/com.st.stm32cube.ide.mcu.externaltools.gnu-tools-for-stm32.10.3-2021.10.win32_1.0.0.202111181127/tools/bin/../lib/gcc/arm-none-eabi/10.3.1/../../../../arm-none-eabi/lib/thumb/v7e-m+dp/hard\libc_nano.a
LOAD c:/st/stm32cubeide_1.10.1/stm32cubeide/plugins/com.st.stm32cube.ide.mcu.externaltools.gnu-tools-for-stm32.10.3-2021.10.win32_1.0.0.202111181127/tools/bin/../lib/gcc/arm-none-eabi/10.3.1/../../../../arm-none-eabi/lib/thumb/v7e-m+dp/hard\libnosys.a
END GROUP
START GROUP
LOAD c:/st/stm32cubeide_1.10.1/stm32cubeide/plugins/com.st.stm32cube.ide.mcu.externaltools.gnu-tools-for-stm32.10.3-2021.10.win32_1.0.0.202111181127/tools/bin/../lib/gcc/arm-none-eabi/10.3.1/thumb/v7e-m+dp/hard\libgcc.a
LOAD c:/st/stm32cubeide_1.10.1/stm32cubeide/plugins/com.st.stm32cube.ide.mcu.externaltools.gnu-tools-for-stm32.10.3-2021.10.win32_1.0.0.202111181127/tools/bin/../lib/gcc/arm-none-eabi/10.3.1/../../../../arm-none-eabi/lib/thumb/v7e-m+dp/hard\libc_nano.a
LOAD c:/st/stm32cubeide_1.10.1/stm32cubeide/plugins/com.st.stm32cube.ide.mcu.externaltools.gnu-tools-for-stm32.10.3-2021.10.win32_1.0.0.202111181127/tools/bin/../lib/gcc/arm-none-eabi/10.3.1/../../../../arm-none-eabi/lib/thumb/v7e-m+dp/hard\libnosys.a
END GROUP
LOAD c:/st/stm32cubeide_1.10.1/stm32cubeide/plugins/com.st.stm32cube.ide.mcu.externaltools.gnu-tools-for-stm32.10.3-2021.10.win32_1.0.0.202111181127/tools/bin/../lib/gcc/arm-none-eabi/10.3.1/thumb/v7e-m+dp/hard/crtend.o
LOAD c:/st/stm32cubeide_1.10.1/stm32cubeide/plugins/com.st.stm32cube.ide.mcu.externaltools.gnu-tools-for-stm32.10.3-2021.10.win32_1.0.0.202111181127/tools/bin/../lib/gcc/arm-none-eabi/10.3.1/thumb/v7e-m+dp/hard/crtn.o
                0x0000000024080000                _estack = (ORIGIN (RAM_D1) + LENGTH (RAM_D1))
                0x0000000000000400                _Min_Heap_Size = 0x400
                0x0000000000000800                _Min_Stack_Size = 0x800

.isr_vector     0x0000000008000000      0x298
                0x0000000008000000                . = ALIGN (0x4)
 *(.isr_vector)
 .isr_vector    0x0000000008000000      0x298 ./Core/Startup/startup_stm32h743vitx.o
                0x0000000008000000                g_pfnVectors
                0x0000000008000298                . = ALIGN (0x4)

.text           0x00000000080002a0    0x11428
                0x00000000080002a0                . = ALIGN (0x4)
 *(.text)
 .text          0x00000000080002a0       0x40 c:/st/stm32cubeide_1.10.1/stm32cubeide/plugins/com.st.stm32cube.ide.mcu.externaltools.gnu-tools-for-stm32.10.3-2021.10.win32_1.0.0.202111181127/tools/bin/../lib/gcc/arm-none-eabi/10.3.1/thumb/v7e-m+dp/hard/crtbegin.o
 .text          0x00000000080002e0       0x10 c:/st/stm32cubeide_1.10.1/stm32cubeide/plugins/com.st.stm32cube.ide.mcu.externaltools.gnu-tools-for-stm32.10.3-2021.10.win32_1.0.0.202111181127/tools/bin/../lib/gcc/arm-none-eabi/10.3.1/../../../../arm-none-eabi/lib/thumb/v7e-m+dp/hard\libc_nano.a(lib_a-strlen.o)
                0x00000000080002e0                strlen
 .text          0x00000000080002f0       0xa0 c:/st/stm32cubeide_1.10.1/stm32cubeide/plugins/com.st.stm32cube.ide.mcu.externaltools.gnu-tools-for-stm32.10.3-2021.10.win32_1.0.0.202111181127/tools/bin/../lib/gcc/arm-none-eabi/10.3.1/../../../../arm-none-eabi/lib/thumb/v7e-m+dp/hard\libc_nano.a(lib_a-memchr.o)
                0x00000000080002f0                memchr
 .text          0x0000000008000390      0x378 c:/st/stm32cubeide_1.10.1/stm32cubeide/plugins/com.st.stm32cube.ide.mcu.externaltools.gnu-tools-for-stm32.10.3-2021.10.win32_1.0.0.202111181127/tools/bin/../lib/gcc/arm-none-eabi/10.3.1/thumb/v7e-m+dp/hard\libgcc.a(_arm_addsubdf3.o)
                0x0000000008000390                __aeabi_drsub
                0x0000000008000398                __aeabi_dsub
                0x0000000008000398                __subdf3
                0x000000000800039c                __aeabi_dadd
                0x000000000800039c                __adddf3
                0x0000000008000614                __floatunsidf
                0x0000000008000614                __aeabi_ui2d
                0x0000000008000634                __floatsidf
                0x0000000008000634                __aeabi_i2d
                0x0000000008000658                __aeabi_f2d
                0x0000000008000658                __extendsfdf2
                0x000000000800069c                __floatundidf
                0x000000000800069c                __aeabi_ul2d
                0x00000000080006ac                __floatdidf
                0x00000000080006ac                __aeabi_l2d
 .text          0x0000000008000708      0x21c c:/st/stm32cubeide_1.10.1/stm32cubeide/plugins/com.st.stm32cube.ide.mcu.externaltools.gnu-tools-for-stm32.10.3-2021.10.win32_1.0.0.202111181127/tools/bin/../lib/gcc/arm-none-eabi/10.3.1/thumb/v7e-m+dp/hard\libgcc.a(_arm_addsubsf3.o)
                0x0000000008000708                __aeabi_frsub
                0x0000000008000710                __subsf3
                0x0000000008000710                __aeabi_fsub
                0x0000000008000714                __aeabi_fadd
                0x0000000008000714                __addsf3
                0x0000000008000874                __aeabi_ui2f
                0x0000000008000874                __floatunsisf
                0x000000000800087c                __aeabi_i2f
                0x000000000800087c                __floatsisf
                0x0000000008000898                __aeabi_ul2f
                0x0000000008000898                __floatundisf
                0x00000000080008a8                __aeabi_l2f
                0x00000000080008a8                __floatdisf
 .text          0x0000000008000924       0x30 c:/st/stm32cubeide_1.10.1/stm32cubeide/plugins/com.st.stm32cube.ide.mcu.externaltools.gnu-tools-for-stm32.10.3-2021.10.win32_1.0.0.202111181127/tools/bin/../lib/gcc/arm-none-eabi/10.3.1/thumb/v7e-m+dp/hard\libgcc.a(_aeabi_uldivmod.o)
                0x0000000008000924                __aeabi_uldivmod
 .text          0x0000000008000954      0x2d0 c:/st/stm32cubeide_1.10.1/stm32cubeide/plugins/com.st.stm32cube.ide.mcu.externaltools.gnu-tools-for-stm32.10.3-2021.10.win32_1.0.0.202111181127/tools/bin/../lib/gcc/arm-none-eabi/10.3.1/thumb/v7e-m+dp/hard\libgcc.a(_udivmoddi4.o)
                0x0000000008000954                __udivmoddi4
 .text          0x0000000008000c24        0x4 c:/st/stm32cubeide_1.10.1/stm32cubeide/plugins/com.st.stm32cube.ide.mcu.externaltools.gnu-tools-for-stm32.10.3-2021.10.win32_1.0.0.202111181127/tools/bin/../lib/gcc/arm-none-eabi/10.3.1/thumb/v7e-m+dp/hard\libgcc.a(_dvmd_tls.o)
                0x0000000008000c24                __aeabi_idiv0
                0x0000000008000c24                __aeabi_ldiv0
 *(.text*)
 .text.FusionAhrsInitialise
                0x0000000008000c28       0x7c ./Core/Fusion/FusionAhrs.o
                0x0000000008000c28                FusionAhrsInitialise
 .text.FusionAhrsSetMagneticField
                0x0000000008000ca4       0x38 ./Core/Fusion/FusionAhrs.o
                0x0000000008000ca4                FusionAhrsSetMagneticField
 .text.FusionAhrsUpdate
                0x0000000008000cdc     0x1704 ./Core/Fusion/FusionAhrs.o
                0x0000000008000cdc                FusionAhrsUpdate
 .text.FusionAhrsUpdateWithoutMagnetometer
                0x00000000080023e0       0xd4 ./Core/Fusion/FusionAhrs.o
                0x00000000080023e0                FusionAhrsUpdateWithoutMagnetometer
 .text.FusionAhrsGetQuaternion
                0x00000000080024b4       0x8a ./Core/Fusion/FusionAhrs.o
                0x00000000080024b4                FusionAhrsGetQuaternion
 .text.FusionAhrsIsInitialising
                0x000000000800253e       0x30 ./Core/Fusion/FusionAhrs.o
                0x000000000800253e                FusionAhrsIsInitialising
 *fill*         0x000000000800256e        0x2 
 .text.FusionAhrsSetYaw
                0x0000000008002570      0x2e8 ./Core/Fusion/FusionAhrs.o
                0x0000000008002570                FusionAhrsSetYaw
 .text.FusionBiasInitialise
                0x0000000008002858       0x70 ./Core/Fusion/FusionBias.o
                0x0000000008002858                FusionBiasInitialise
 .text.FusionBiasUpdate
                0x00000000080028c8      0x234 ./Core/Fusion/FusionBias.o
                0x00000000080028c8                FusionBiasUpdate
 .text.initFusionAHRS
                0x0000000008002afc       0x50 ./Core/Src/FusionAHRS.o
                0x0000000008002afc                initFusionAHRS
 .text.getFusionAHRS_6DoF
                0x0000000008002b4c      0xb84 ./Core/Src/FusionAHRS.o
                0x0000000008002b4c                getFusionAHRS_6DoF
 .text.LPFTwoPole_Init
                0x00000000080036d0       0xe0 ./Core/Src/LowPassFilter.o
                0x00000000080036d0                LPFTwoPole_Init
 .text.LPFTwoPole_Update
                0x00000000080037b0       0x6e ./Core/Src/LowPassFilter.o
                0x00000000080037b0                LPFTwoPole_Update
 *fill*         0x000000000800381e        0x2 
 .text.NotchFilterInit
                0x0000000008003820      0x108 ./Core/Src/NotchFilter.o
                0x0000000008003820                NotchFilterInit
 .text.NotchFilter_Update
                0x0000000008003928       0xe4 ./Core/Src/NotchFilter.o
                0x0000000008003928                NotchFilter_Update
 .text.bmi160_get_regs
                0x0000000008003a0c       0x66 ./Core/Src/bmi160.o
                0x0000000008003a0c                bmi160_get_regs
 .text.bmi160_set_regs
                0x0000000008003a72       0xc6 ./Core/Src/bmi160.o
                0x0000000008003a72                bmi160_set_regs
 .text.bmi160_init
                0x0000000008003b38       0x9c ./Core/Src/bmi160.o
                0x0000000008003b38                bmi160_init
 .text.bmi160_soft_reset
                0x0000000008003bd4       0x76 ./Core/Src/bmi160.o
                0x0000000008003bd4                bmi160_soft_reset
 .text.bmi160_set_sens_conf
                0x0000000008003c4a       0x6c ./Core/Src/bmi160.o
                0x0000000008003c4a                bmi160_set_sens_conf
 .text.bmi160_set_power_mode
                0x0000000008003cb6       0x48 ./Core/Src/bmi160.o
                0x0000000008003cb6                bmi160_set_power_mode
 .text.bmi160_get_sensor_data
                0x0000000008003cfe       0xce ./Core/Src/bmi160.o
                0x0000000008003cfe                bmi160_get_sensor_data
 .text.bmi160_set_int_config
                0x0000000008003dcc      0x118 ./Core/Src/bmi160.o
                0x0000000008003dcc                bmi160_set_int_config
 .text.bmi160_start_foc
                0x0000000008003ee4      0x102 ./Core/Src/bmi160.o
                0x0000000008003ee4                bmi160_start_foc
 .text.bmi160_get_offsets
                0x0000000008003fe6       0xf6 ./Core/Src/bmi160.o
                0x0000000008003fe6                bmi160_get_offsets
 .text.set_accel_any_motion_int
                0x00000000080040dc       0x5c ./Core/Src/bmi160.o
 .text.set_accel_tap_int
                0x0000000008004138       0x72 ./Core/Src/bmi160.o
 .text.set_accel_gyro_data_ready_int
                0x00000000080041aa       0x66 ./Core/Src/bmi160.o
 .text.set_accel_sig_motion_int
                0x0000000008004210       0x5c ./Core/Src/bmi160.o
 .text.set_accel_no_motion_int
                0x000000000800426c       0x5c ./Core/Src/bmi160.o
 .text.set_accel_step_detect_int
                0x00000000080042c8       0x82 ./Core/Src/bmi160.o
 .text.set_accel_orientation_int
                0x000000000800434a       0x82 ./Core/Src/bmi160.o
 .text.set_accel_flat_detect_int
                0x00000000080043cc       0x82 ./Core/Src/bmi160.o
 .text.set_accel_low_g_int
                0x000000000800444e       0x96 ./Core/Src/bmi160.o
 .text.set_accel_high_g_int
                0x00000000080044e4       0x96 ./Core/Src/bmi160.o
 .text.set_intr_pin_config
                0x000000000800457a       0x36 ./Core/Src/bmi160.o
 .text.null_ptr_check
                0x00000000080045b0       0x40 ./Core/Src/bmi160.o
 .text.default_param_settg
                0x00000000080045f0       0x54 ./Core/Src/bmi160.o
 .text.set_accel_conf
                0x0000000008004644       0x7e ./Core/Src/bmi160.o
 .text.check_accel_config
                0x00000000080046c2       0x66 ./Core/Src/bmi160.o
 .text.process_accel_odr
                0x0000000008004728       0x68 ./Core/Src/bmi160.o
 .text.process_accel_bw
                0x0000000008004790       0x6a ./Core/Src/bmi160.o
 .text.process_accel_range
                0x00000000080047fa       0x68 ./Core/Src/bmi160.o
 .text.check_invalid_settg
                0x0000000008004862       0x6a ./Core/Src/bmi160.o
 .text.set_gyro_conf
                0x00000000080048cc       0x7e ./Core/Src/bmi160.o
 .text.check_gyro_config
                0x000000000800494a       0x66 ./Core/Src/bmi160.o
 .text.process_gyro_odr
                0x00000000080049b0       0x68 ./Core/Src/bmi160.o
 .text.process_gyro_bw
                0x0000000008004a18       0x5e ./Core/Src/bmi160.o
 .text.process_gyro_range
                0x0000000008004a76       0x68 ./Core/Src/bmi160.o
 .text.set_accel_pwr
                0x0000000008004ade       0x84 ./Core/Src/bmi160.o
 .text.process_under_sampling
                0x0000000008004b62       0xaa ./Core/Src/bmi160.o
 .text.set_gyro_pwr
                0x0000000008004c0c       0x88 ./Core/Src/bmi160.o
 .text.get_accel_data
                0x0000000008004c94      0x196 ./Core/Src/bmi160.o
 .text.get_gyro_data
                0x0000000008004e2a      0x294 ./Core/Src/bmi160.o
 .text.get_accel_gyro_data
                0x00000000080050be      0x27e ./Core/Src/bmi160.o
 .text.enable_accel_any_motion_int
                0x000000000800533c       0xe6 ./Core/Src/bmi160.o
 .text.disable_sig_motion_int
                0x0000000008005422       0x62 ./Core/Src/bmi160.o
 .text.map_feature_interrupt
                0x0000000008005484      0x134 ./Core/Src/bmi160.o
 .text.map_hardware_interrupt
                0x00000000080055b8      0x110 ./Core/Src/bmi160.o
 .text.config_any_motion_src
                0x00000000080056c8       0x6c ./Core/Src/bmi160.o
 .text.config_any_dur_threshold
                0x0000000008005734       0x82 ./Core/Src/bmi160.o
 .text.config_any_motion_int_settg
                0x00000000080057b6       0x72 ./Core/Src/bmi160.o
 .text.enable_data_ready_int
                0x0000000008005828       0x5a ./Core/Src/bmi160.o
 .text.enable_no_motion_int
                0x0000000008005882       0xaa ./Core/Src/bmi160.o
 .text.config_no_motion_int_settg
                0x000000000800592c       0x60 ./Core/Src/bmi160.o
 .text.config_no_motion_data_src
                0x000000000800598c       0x6c ./Core/Src/bmi160.o
 .text.config_no_motion_dur_thr
                0x00000000080059f8       0xdc ./Core/Src/bmi160.o
 .text.enable_sig_motion_int
                0x0000000008005ad4       0x82 ./Core/Src/bmi160.o
 .text.config_sig_motion_int_settg
                0x0000000008005b56       0x60 ./Core/Src/bmi160.o
 .text.config_sig_motion_data_src
                0x0000000008005bb6       0x6c ./Core/Src/bmi160.o
 .text.config_sig_dur_threshold
                0x0000000008005c22       0xde ./Core/Src/bmi160.o
 .text.enable_step_detect_int
                0x0000000008005d00       0x72 ./Core/Src/bmi160.o
 .text.config_step_detect
                0x0000000008005d72      0x114 ./Core/Src/bmi160.o
 .text.enable_tap_int
                0x0000000008005e86       0xa6 ./Core/Src/bmi160.o
 .text.config_tap_int_settg
                0x0000000008005f2c       0x62 ./Core/Src/bmi160.o
 .text.config_tap_data_src
                0x0000000008005f8e       0x72 ./Core/Src/bmi160.o
 .text.config_tap_param
                0x0000000008006000      0x134 ./Core/Src/bmi160.o
 .text.enable_orient_int
                0x0000000008006134       0x72 ./Core/Src/bmi160.o
 .text.config_orient_int_settg
                0x00000000080061a6      0x132 ./Core/Src/bmi160.o
 .text.enable_flat_int
                0x00000000080062d8       0x6c ./Core/Src/bmi160.o
 .text.config_flat_int_settg
                0x0000000008006344       0xcc ./Core/Src/bmi160.o
 .text.enable_low_g_int
                0x0000000008006410       0x72 ./Core/Src/bmi160.o
 .text.config_low_g_data_src
                0x0000000008006482       0x6c ./Core/Src/bmi160.o
 *fill*         0x00000000080064ee        0x2 
 .text.config_low_g_int_settg
                0x00000000080064f0       0xb8 ./Core/Src/bmi160.o
 .text.enable_high_g_int
                0x00000000080065a8       0xc0 ./Core/Src/bmi160.o
 .text.config_high_g_data_src
                0x0000000008006668       0x6c ./Core/Src/bmi160.o
 .text.config_high_g_int_settg
                0x00000000080066d4       0x8c ./Core/Src/bmi160.o
 .text.config_int_out_ctrl
                0x0000000008006760      0x194 ./Core/Src/bmi160.o
 .text.config_int_latch
                0x00000000080068f4       0xd0 ./Core/Src/bmi160.o
 .text.set_fifo_full_int
                0x00000000080069c4       0x62 ./Core/Src/bmi160.o
 .text.enable_fifo_full_int
                0x0000000008006a26       0x6c ./Core/Src/bmi160.o
 .text.set_fifo_watermark_int
                0x0000000008006a92       0x62 ./Core/Src/bmi160.o
 .text.enable_fifo_wtm_int
                0x0000000008006af4       0x6c ./Core/Src/bmi160.o
 .text.get_foc_status
                0x0000000008006b60       0x40 ./Core/Src/bmi160.o
 .text.configure_offset_enable
                0x0000000008006ba0       0x94 ./Core/Src/bmi160.o
 .text.trigger_foc
                0x0000000008006c34       0xc0 ./Core/Src/bmi160.o
 .text.BMI160_init
                0x0000000008006cf4      0x180 ./Core/Src/bmi160_wrapper.o
                0x0000000008006cf4                BMI160_init
 .text.start_foc
                0x0000000008006e74       0x64 ./Core/Src/bmi160_wrapper.o
                0x0000000008006e74                start_foc
 .text.bmi160ReadAccelGyro
                0x0000000008006ed8      0x108 ./Core/Src/bmi160_wrapper.o
                0x0000000008006ed8                bmi160ReadAccelGyro
 .text.set_bmi160_Ares
                0x0000000008006fe0       0x58 ./Core/Src/bmi160_wrapper.o
                0x0000000008006fe0                set_bmi160_Ares
 .text.set_bmi160_Gres
                0x0000000008007038       0x64 ./Core/Src/bmi160_wrapper.o
                0x0000000008007038                set_bmi160_Gres
 .text.get_bmi160_Ares
                0x000000000800709c       0x6c ./Core/Src/bmi160_wrapper.o
                0x000000000800709c                get_bmi160_Ares
 .text.get_bmi160_Gres
                0x0000000008007108       0x88 ./Core/Src/bmi160_wrapper.o
                0x0000000008007108                get_bmi160_Gres
 .text.SensorAPI_I2Cx_Read
                0x0000000008007190       0x44 ./Core/Src/common_porting.o
                0x0000000008007190                SensorAPI_I2Cx_Read
 .text.SensorAPI_I2Cx_Write
                0x00000000080071d4       0x54 ./Core/Src/common_porting.o
                0x00000000080071d4                SensorAPI_I2Cx_Write
 .text.MX_GPIO_Init
                0x0000000008007228      0x180 ./Core/Src/gpio.o
                0x0000000008007228                MX_GPIO_Init
 .text.MX_I2C1_Init
                0x00000000080073a8       0x84 ./Core/Src/i2c.o
                0x00000000080073a8                MX_I2C1_Init
 .text.MX_I2C2_Init
                0x000000000800742c       0x84 ./Core/Src/i2c.o
                0x000000000800742c                MX_I2C2_Init
 .text.HAL_I2C_MspInit
                0x00000000080074b0      0x160 ./Core/Src/i2c.o
                0x00000000080074b0                HAL_I2C_MspInit
 .text.DWT_Init
                0x0000000008007610       0x30 ./Core/Src/main.o
 .text.micros   0x0000000008007640       0x38 ./Core/Src/main.o
 .text._write   0x0000000008007678       0x2c ./Core/Src/main.o
                0x0000000008007678                _write
 *fill*         0x00000000080076a4        0x4 
 .text.main     0x00000000080076a8      0x43c ./Core/Src/main.o
                0x00000000080076a8                main
 .text.SystemClock_Config
                0x0000000008007ae4       0xf4 ./Core/Src/main.o
                0x0000000008007ae4                SystemClock_Config
 .text.Error_Handler
                0x0000000008007bd8        0xa ./Core/Src/main.o
                0x0000000008007bd8                Error_Handler
 *fill*         0x0000000008007be2        0x6 
 .text.quaternionInit
                0x0000000008007be8       0xa4 ./Core/Src/quaternion.o
                0x0000000008007be8                quaternionInit
 .text.quaternionUpdate
                0x0000000008007c8c      0x524 ./Core/Src/quaternion.o
                0x0000000008007c8c                quaternionUpdate
 .text.quaternionEulerUpdate
                0x00000000080081b0      0x1e0 ./Core/Src/quaternion.o
                0x00000000080081b0                quaternionEulerUpdate
 .text.HAL_MspInit
                0x0000000008008390       0x34 ./Core/Src/stm32h7xx_hal_msp.o
                0x0000000008008390                HAL_MspInit
 .text.NMI_Handler
                0x00000000080083c4        0x6 ./Core/Src/stm32h7xx_it.o
                0x00000000080083c4                NMI_Handler
 .text.HardFault_Handler
                0x00000000080083ca        0x6 ./Core/Src/stm32h7xx_it.o
                0x00000000080083ca                HardFault_Handler
 .text.MemManage_Handler
                0x00000000080083d0        0x6 ./Core/Src/stm32h7xx_it.o
                0x00000000080083d0                MemManage_Handler
 .text.BusFault_Handler
                0x00000000080083d6        0x6 ./Core/Src/stm32h7xx_it.o
                0x00000000080083d6                BusFault_Handler
 .text.UsageFault_Handler
                0x00000000080083dc        0x6 ./Core/Src/stm32h7xx_it.o
                0x00000000080083dc                UsageFault_Handler
 .text.SVC_Handler
                0x00000000080083e2        0xe ./Core/Src/stm32h7xx_it.o
                0x00000000080083e2                SVC_Handler
 .text.DebugMon_Handler
                0x00000000080083f0        0xe ./Core/Src/stm32h7xx_it.o
                0x00000000080083f0                DebugMon_Handler
 .text.PendSV_Handler
                0x00000000080083fe        0xe ./Core/Src/stm32h7xx_it.o
                0x00000000080083fe                PendSV_Handler
 .text.SysTick_Handler
                0x000000000800840c        0xc ./Core/Src/stm32h7xx_it.o
                0x000000000800840c                SysTick_Handler
 .text._getpid  0x0000000008008418       0x10 ./Core/Src/syscalls.o
                0x0000000008008418                _getpid
 .text._kill    0x0000000008008428       0x20 ./Core/Src/syscalls.o
                0x0000000008008428                _kill
 .text._exit    0x0000000008008448       0x14 ./Core/Src/syscalls.o
                0x0000000008008448                _exit
 .text._read    0x000000000800845c       0x3a ./Core/Src/syscalls.o
                0x000000000800845c                _read
 .text._close   0x0000000008008496       0x18 ./Core/Src/syscalls.o
                0x0000000008008496                _close
 .text._fstat   0x00000000080084ae       0x20 ./Core/Src/syscalls.o
                0x00000000080084ae                _fstat
 .text._isatty  0x00000000080084ce       0x16 ./Core/Src/syscalls.o
                0x00000000080084ce                _isatty
 .text._lseek   0x00000000080084e4       0x1a ./Core/Src/syscalls.o
                0x00000000080084e4                _lseek
 *fill*         0x00000000080084fe        0x2 
 .text._sbrk    0x0000000008008500       0x6c ./Core/Src/sysmem.o
                0x0000000008008500                _sbrk
 .text.SystemInit
                0x000000000800856c      0x110 ./Core/Src/system_stm32h7xx.o
                0x000000000800856c                SystemInit
 .text.MX_LPUART1_UART_Init
                0x000000000800867c       0x98 ./Core/Src/usart.o
                0x000000000800867c                MX_LPUART1_UART_Init
 .text.HAL_UART_MspInit
                0x0000000008008714       0xcc ./Core/Src/usart.o
                0x0000000008008714                HAL_UART_MspInit
 .text.Reset_Handler
                0x00000000080087e0       0x50 ./Core/Startup/startup_stm32h743vitx.o
                0x00000000080087e0                Reset_Handler
 .text.Default_Handler
                0x0000000008008830        0x2 ./Core/Startup/startup_stm32h743vitx.o
                0x0000000008008830                RTC_Alarm_IRQHandler
                0x0000000008008830                EXTI2_IRQHandler
                0x0000000008008830                TIM8_CC_IRQHandler
                0x0000000008008830                HRTIM1_Master_IRQHandler
                0x0000000008008830                UART8_IRQHandler
                0x0000000008008830                SPI4_IRQHandler
                0x0000000008008830                TIM1_CC_IRQHandler
                0x0000000008008830                BDMA_Channel6_IRQHandler
                0x0000000008008830                DMA2_Stream5_IRQHandler
                0x0000000008008830                HRTIM1_FLT_IRQHandler
                0x0000000008008830                JPEG_IRQHandler
                0x0000000008008830                DMA1_Stream5_IRQHandler
                0x0000000008008830                BDMA_Channel1_IRQHandler
                0x0000000008008830                HRTIM1_TIMD_IRQHandler
                0x0000000008008830                TAMP_STAMP_IRQHandler
                0x0000000008008830                EXTI3_IRQHandler
                0x0000000008008830                LPTIM4_IRQHandler
                0x0000000008008830                TIM8_TRG_COM_TIM14_IRQHandler
                0x0000000008008830                LPTIM2_IRQHandler
                0x0000000008008830                DFSDM1_FLT1_IRQHandler
                0x0000000008008830                DMAMUX2_OVR_IRQHandler
                0x0000000008008830                TIM8_UP_TIM13_IRQHandler
                0x0000000008008830                I2C3_ER_IRQHandler
                0x0000000008008830                DFSDM1_FLT2_IRQHandler
                0x0000000008008830                MDMA_IRQHandler
                0x0000000008008830                LPTIM3_IRQHandler
                0x0000000008008830                HSEM1_IRQHandler
                0x0000000008008830                EXTI0_IRQHandler
                0x0000000008008830                I2C2_EV_IRQHandler
                0x0000000008008830                DMA1_Stream2_IRQHandler
                0x0000000008008830                FPU_IRQHandler
                0x0000000008008830                OTG_HS_WKUP_IRQHandler
                0x0000000008008830                FDCAN1_IT1_IRQHandler
                0x0000000008008830                LTDC_ER_IRQHandler
                0x0000000008008830                DMA2_Stream2_IRQHandler
                0x0000000008008830                HRTIM1_TIME_IRQHandler
                0x0000000008008830                SPI1_IRQHandler
                0x0000000008008830                TIM6_DAC_IRQHandler
                0x0000000008008830                DCMI_IRQHandler
                0x0000000008008830                HRTIM1_TIMC_IRQHandler
                0x0000000008008830                DMA2_Stream3_IRQHandler
                0x0000000008008830                SAI2_IRQHandler
                0x0000000008008830                DFSDM1_FLT3_IRQHandler
                0x0000000008008830                USART6_IRQHandler
                0x0000000008008830                TIM17_IRQHandler
                0x0000000008008830                USART3_IRQHandler
                0x0000000008008830                BDMA_Channel7_IRQHandler
                0x0000000008008830                LPTIM5_IRQHandler
                0x0000000008008830                UART5_IRQHandler
                0x0000000008008830                ADC3_IRQHandler
                0x0000000008008830                DMA2_Stream0_IRQHandler
                0x0000000008008830                TIM4_IRQHandler
                0x0000000008008830                BDMA_Channel2_IRQHandler
                0x0000000008008830                QUADSPI_IRQHandler
                0x0000000008008830                I2C1_EV_IRQHandler
                0x0000000008008830                DMA1_Stream6_IRQHandler
                0x0000000008008830                DMAMUX1_OVR_IRQHandler
                0x0000000008008830                DMA1_Stream1_IRQHandler
                0x0000000008008830                TIM16_IRQHandler
                0x0000000008008830                UART4_IRQHandler
                0x0000000008008830                BDMA_Channel5_IRQHandler
                0x0000000008008830                TIM3_IRQHandler
                0x0000000008008830                RCC_IRQHandler
                0x0000000008008830                TIM8_BRK_TIM12_IRQHandler
                0x0000000008008830                TIM1_TRG_COM_IRQHandler
                0x0000000008008830                Default_Handler
                0x0000000008008830                ECC_IRQHandler
                0x0000000008008830                CEC_IRQHandler
                0x0000000008008830                EXTI15_10_IRQHandler
                0x0000000008008830                BDMA_Channel0_IRQHandler
                0x0000000008008830                ADC_IRQHandler
                0x0000000008008830                DMA1_Stream7_IRQHandler
                0x0000000008008830                HRTIM1_TIMA_IRQHandler
                0x0000000008008830                SPI5_IRQHandler
                0x0000000008008830                TIM7_IRQHandler
                0x0000000008008830                SDMMC1_IRQHandler
                0x0000000008008830                TIM5_IRQHandler
                0x0000000008008830                DMA2_Stream7_IRQHandler
                0x0000000008008830                TIM15_IRQHandler
                0x0000000008008830                PVD_AVD_IRQHandler
                0x0000000008008830                I2C3_EV_IRQHandler
                0x0000000008008830                EXTI9_5_IRQHandler
                0x0000000008008830                RTC_WKUP_IRQHandler
                0x0000000008008830                LTDC_IRQHandler
                0x0000000008008830                SAI3_IRQHandler
                0x0000000008008830                ETH_WKUP_IRQHandler
                0x0000000008008830                SPDIF_RX_IRQHandler
                0x0000000008008830                SPI2_IRQHandler
                0x0000000008008830                OTG_HS_EP1_IN_IRQHandler
                0x0000000008008830                DMA1_Stream0_IRQHandler
                0x0000000008008830                CRS_IRQHandler
                0x0000000008008830                EXTI4_IRQHandler
                0x0000000008008830                RNG_IRQHandler
                0x0000000008008830                HRTIM1_TIMB_IRQHandler
                0x0000000008008830                FDCAN2_IT1_IRQHandler
                0x0000000008008830                ETH_IRQHandler
                0x0000000008008830                TIM1_UP_IRQHandler
                0x0000000008008830                BDMA_Channel4_IRQHandler
                0x0000000008008830                OTG_HS_EP1_OUT_IRQHandler
                0x0000000008008830                WWDG_IRQHandler
                0x0000000008008830                SPI6_IRQHandler
                0x0000000008008830                MDIOS_IRQHandler
                0x0000000008008830                I2C4_EV_IRQHandler
                0x0000000008008830                FDCAN2_IT0_IRQHandler
                0x0000000008008830                LPUART1_IRQHandler
                0x0000000008008830                FDCAN1_IT0_IRQHandler
                0x0000000008008830                TIM2_IRQHandler
                0x0000000008008830                OTG_FS_WKUP_IRQHandler
                0x0000000008008830                OTG_HS_IRQHandler
                0x0000000008008830                DMA2D_IRQHandler
                0x0000000008008830                TIM1_BRK_IRQHandler
                0x0000000008008830                EXTI1_IRQHandler
                0x0000000008008830                SDMMC2_IRQHandler
                0x0000000008008830                OTG_FS_EP1_OUT_IRQHandler
                0x0000000008008830                BDMA_Channel3_IRQHandler
                0x0000000008008830                UART7_IRQHandler
                0x0000000008008830                MDIOS_WKUP_IRQHandler
                0x0000000008008830                USART2_IRQHandler
                0x0000000008008830                DFSDM1_FLT0_IRQHandler
                0x0000000008008830                SAI4_IRQHandler
                0x0000000008008830                I2C2_ER_IRQHandler
                0x0000000008008830                DMA2_Stream1_IRQHandler
                0x0000000008008830                FLASH_IRQHandler
                0x0000000008008830                DMA2_Stream4_IRQHandler
                0x0000000008008830                USART1_IRQHandler
                0x0000000008008830                OTG_FS_IRQHandler
                0x0000000008008830                SPI3_IRQHandler
                0x0000000008008830                WAKEUP_PIN_IRQHandler
                0x0000000008008830                DMA1_Stream4_IRQHandler
                0x0000000008008830                OTG_FS_EP1_IN_IRQHandler
                0x0000000008008830                I2C1_ER_IRQHandler
                0x0000000008008830                FMC_IRQHandler
                0x0000000008008830                FDCAN_CAL_IRQHandler
                0x0000000008008830                SWPMI1_IRQHandler
                0x0000000008008830                COMP1_IRQHandler
                0x0000000008008830                LPTIM1_IRQHandler
                0x0000000008008830                I2C4_ER_IRQHandler
                0x0000000008008830                DMA2_Stream6_IRQHandler
                0x0000000008008830                SAI1_IRQHandler
                0x0000000008008830                DMA1_Stream3_IRQHandler
 *fill*         0x0000000008008832        0x2 
 .text.HAL_Init
                0x0000000008008834       0x78 ./Drivers/STM32H7xx_HAL_Driver/Src/stm32h7xx_hal.o
                0x0000000008008834                HAL_Init
 .text.HAL_InitTick
                0x00000000080088ac       0x6c ./Drivers/STM32H7xx_HAL_Driver/Src/stm32h7xx_hal.o
                0x00000000080088ac                HAL_InitTick
 .text.HAL_IncTick
                0x0000000008008918       0x28 ./Drivers/STM32H7xx_HAL_Driver/Src/stm32h7xx_hal.o
                0x0000000008008918                HAL_IncTick
 .text.HAL_GetTick
                0x0000000008008940       0x18 ./Drivers/STM32H7xx_HAL_Driver/Src/stm32h7xx_hal.o
                0x0000000008008940                HAL_GetTick
 .text.HAL_Delay
                0x0000000008008958       0x48 ./Drivers/STM32H7xx_HAL_Driver/Src/stm32h7xx_hal.o
                0x0000000008008958                HAL_Delay
 .text.HAL_GetREVID
                0x00000000080089a0       0x18 ./Drivers/STM32H7xx_HAL_Driver/Src/stm32h7xx_hal.o
                0x00000000080089a0                HAL_GetREVID
 .text.__NVIC_SetPriorityGrouping
                0x00000000080089b8       0x48 ./Drivers/STM32H7xx_HAL_Driver/Src/stm32h7xx_hal_cortex.o
 .text.__NVIC_GetPriorityGrouping
                0x0000000008008a00       0x1c ./Drivers/STM32H7xx_HAL_Driver/Src/stm32h7xx_hal_cortex.o
 .text.__NVIC_SetPriority
                0x0000000008008a1c       0x54 ./Drivers/STM32H7xx_HAL_Driver/Src/stm32h7xx_hal_cortex.o
 .text.NVIC_EncodePriority
                0x0000000008008a70       0x66 ./Drivers/STM32H7xx_HAL_Driver/Src/stm32h7xx_hal_cortex.o
 *fill*         0x0000000008008ad6        0x2 
 .text.SysTick_Config
                0x0000000008008ad8       0x44 ./Drivers/STM32H7xx_HAL_Driver/Src/stm32h7xx_hal_cortex.o
 .text.HAL_NVIC_SetPriorityGrouping
                0x0000000008008b1c       0x16 ./Drivers/STM32H7xx_HAL_Driver/Src/stm32h7xx_hal_cortex.o
                0x0000000008008b1c                HAL_NVIC_SetPriorityGrouping
 .text.HAL_NVIC_SetPriority
                0x0000000008008b32       0x34 ./Drivers/STM32H7xx_HAL_Driver/Src/stm32h7xx_hal_cortex.o
                0x0000000008008b32                HAL_NVIC_SetPriority
 .text.HAL_SYSTICK_Config
                0x0000000008008b66       0x18 ./Drivers/STM32H7xx_HAL_Driver/Src/stm32h7xx_hal_cortex.o
                0x0000000008008b66                HAL_SYSTICK_Config
 *fill*         0x0000000008008b7e        0x2 
 .text.HAL_GPIO_Init
                0x0000000008008b80      0x360 ./Drivers/STM32H7xx_HAL_Driver/Src/stm32h7xx_hal_gpio.o
                0x0000000008008b80                HAL_GPIO_Init
 .text.HAL_GPIO_WritePin
                0x0000000008008ee0       0x32 ./Drivers/STM32H7xx_HAL_Driver/Src/stm32h7xx_hal_gpio.o
                0x0000000008008ee0                HAL_GPIO_WritePin
 *fill*         0x0000000008008f12        0x2 
 .text.HAL_I2C_Init
                0x0000000008008f14      0x120 ./Drivers/STM32H7xx_HAL_Driver/Src/stm32h7xx_hal_i2c.o
                0x0000000008008f14                HAL_I2C_Init
 .text.HAL_I2C_Master_Transmit
                0x0000000008009034      0x1e8 ./Drivers/STM32H7xx_HAL_Driver/Src/stm32h7xx_hal_i2c.o
                0x0000000008009034                HAL_I2C_Master_Transmit
 .text.HAL_I2C_Master_Receive
                0x000000000800921c      0x1ec ./Drivers/STM32H7xx_HAL_Driver/Src/stm32h7xx_hal_i2c.o
                0x000000000800921c                HAL_I2C_Master_Receive
 .text.I2C_Flush_TXDR
                0x0000000008009408       0x48 ./Drivers/STM32H7xx_HAL_Driver/Src/stm32h7xx_hal_i2c.o
 .text.I2C_WaitOnFlagUntilTimeout
                0x0000000008009450       0x80 ./Drivers/STM32H7xx_HAL_Driver/Src/stm32h7xx_hal_i2c.o
 .text.I2C_WaitOnTXISFlagUntilTimeout
                0x00000000080094d0       0x80 ./Drivers/STM32H7xx_HAL_Driver/Src/stm32h7xx_hal_i2c.o
 .text.I2C_WaitOnSTOPFlagUntilTimeout
                0x0000000008009550       0x78 ./Drivers/STM32H7xx_HAL_Driver/Src/stm32h7xx_hal_i2c.o
 .text.I2C_WaitOnRXNEFlagUntilTimeout
                0x00000000080095c8       0xf4 ./Drivers/STM32H7xx_HAL_Driver/Src/stm32h7xx_hal_i2c.o
 .text.I2C_IsErrorOccurred
                0x00000000080096bc      0x1d8 ./Drivers/STM32H7xx_HAL_Driver/Src/stm32h7xx_hal_i2c.o
 .text.I2C_TransferConfig
                0x0000000008009894       0x64 ./Drivers/STM32H7xx_HAL_Driver/Src/stm32h7xx_hal_i2c.o
 .text.HAL_I2CEx_ConfigAnalogFilter
                0x00000000080098f8       0x96 ./Drivers/STM32H7xx_HAL_Driver/Src/stm32h7xx_hal_i2c_ex.o
                0x00000000080098f8                HAL_I2CEx_ConfigAnalogFilter
 .text.HAL_I2CEx_ConfigDigitalFilter
                0x000000000800998e       0x98 ./Drivers/STM32H7xx_HAL_Driver/Src/stm32h7xx_hal_i2c_ex.o
                0x000000000800998e                HAL_I2CEx_ConfigDigitalFilter
 *fill*         0x0000000008009a26        0x2 
 .text.HAL_I2CEx_EnableFastModePlus
                0x0000000008009a28       0x48 ./Drivers/STM32H7xx_HAL_Driver/Src/stm32h7xx_hal_i2c_ex.o
                0x0000000008009a28                HAL_I2CEx_EnableFastModePlus
 .text.HAL_PWREx_ConfigSupply
                0x0000000008009a70       0x74 ./Drivers/STM32H7xx_HAL_Driver/Src/stm32h7xx_hal_pwr_ex.o
                0x0000000008009a70                HAL_PWREx_ConfigSupply
 .text.HAL_RCC_OscConfig
                0x0000000008009ae4      0x85c ./Drivers/STM32H7xx_HAL_Driver/Src/stm32h7xx_hal_rcc.o
                0x0000000008009ae4                HAL_RCC_OscConfig
 .text.HAL_RCC_ClockConfig
                0x000000000800a340      0x36c ./Drivers/STM32H7xx_HAL_Driver/Src/stm32h7xx_hal_rcc.o
                0x000000000800a340                HAL_RCC_ClockConfig
 .text.HAL_RCC_GetSysClockFreq
                0x000000000800a6ac      0x2f4 ./Drivers/STM32H7xx_HAL_Driver/Src/stm32h7xx_hal_rcc.o
                0x000000000800a6ac                HAL_RCC_GetSysClockFreq
 .text.HAL_RCC_GetHCLKFreq
                0x000000000800a9a0       0x60 ./Drivers/STM32H7xx_HAL_Driver/Src/stm32h7xx_hal_rcc.o
                0x000000000800a9a0                HAL_RCC_GetHCLKFreq
 .text.HAL_RCC_GetPCLK1Freq
                0x000000000800aa00       0x2c ./Drivers/STM32H7xx_HAL_Driver/Src/stm32h7xx_hal_rcc.o
                0x000000000800aa00                HAL_RCC_GetPCLK1Freq
 .text.HAL_RCC_GetPCLK2Freq
                0x000000000800aa2c       0x2c ./Drivers/STM32H7xx_HAL_Driver/Src/stm32h7xx_hal_rcc.o
                0x000000000800aa2c                HAL_RCC_GetPCLK2Freq
 .text.HAL_RCCEx_PeriphCLKConfig
                0x000000000800aa58      0xe8c ./Drivers/STM32H7xx_HAL_Driver/Src/stm32h7xx_hal_rcc_ex.o
                0x000000000800aa58                HAL_RCCEx_PeriphCLKConfig
 .text.HAL_RCCEx_GetD3PCLK1Freq
                0x000000000800b8e4       0x2c ./Drivers/STM32H7xx_HAL_Driver/Src/stm32h7xx_hal_rcc_ex.o
                0x000000000800b8e4                HAL_RCCEx_GetD3PCLK1Freq
 .text.HAL_RCCEx_GetPLL2ClockFreq
                0x000000000800b910      0x2a8 ./Drivers/STM32H7xx_HAL_Driver/Src/stm32h7xx_hal_rcc_ex.o
                0x000000000800b910                HAL_RCCEx_GetPLL2ClockFreq
 .text.HAL_RCCEx_GetPLL3ClockFreq
                0x000000000800bbb8      0x2a8 ./Drivers/STM32H7xx_HAL_Driver/Src/stm32h7xx_hal_rcc_ex.o
                0x000000000800bbb8                HAL_RCCEx_GetPLL3ClockFreq
 .text.RCCEx_PLL2_Config
                0x000000000800be60      0x164 ./Drivers/STM32H7xx_HAL_Driver/Src/stm32h7xx_hal_rcc_ex.o
 .text.RCCEx_PLL3_Config
                0x000000000800bfc4      0x164 ./Drivers/STM32H7xx_HAL_Driver/Src/stm32h7xx_hal_rcc_ex.o
 .text.HAL_UART_Init
                0x000000000800c128       0xa0 ./Drivers/STM32H7xx_HAL_Driver/Src/stm32h7xx_hal_uart.o
                0x000000000800c128                HAL_UART_Init
 .text.HAL_UART_Transmit
                0x000000000800c1c8      0x12c ./Drivers/STM32H7xx_HAL_Driver/Src/stm32h7xx_hal_uart.o
                0x000000000800c1c8                HAL_UART_Transmit
 .text.UART_SetConfig
                0x000000000800c2f4      0xad0 ./Drivers/STM32H7xx_HAL_Driver/Src/stm32h7xx_hal_uart.o
                0x000000000800c2f4                UART_SetConfig
 .text.UART_AdvFeatureConfig
                0x000000000800cdc4      0x144 ./Drivers/STM32H7xx_HAL_Driver/Src/stm32h7xx_hal_uart.o
                0x000000000800cdc4                UART_AdvFeatureConfig
 .text.UART_CheckIdleState
                0x000000000800cf08       0x96 ./Drivers/STM32H7xx_HAL_Driver/Src/stm32h7xx_hal_uart.o
                0x000000000800cf08                UART_CheckIdleState
 .text.UART_WaitOnFlagUntilTimeout
                0x000000000800cf9e      0x190 ./Drivers/STM32H7xx_HAL_Driver/Src/stm32h7xx_hal_uart.o
                0x000000000800cf9e                UART_WaitOnFlagUntilTimeout
 .text.HAL_UARTEx_DisableFifoMode
                0x000000000800d12e       0x72 ./Drivers/STM32H7xx_HAL_Driver/Src/stm32h7xx_hal_uart_ex.o
                0x000000000800d12e                HAL_UARTEx_DisableFifoMode
 .text.HAL_UARTEx_SetTxFifoThreshold
                0x000000000800d1a0       0x7c ./Drivers/STM32H7xx_HAL_Driver/Src/stm32h7xx_hal_uart_ex.o
                0x000000000800d1a0                HAL_UARTEx_SetTxFifoThreshold
 .text.HAL_UARTEx_SetRxFifoThreshold
                0x000000000800d21c       0x7c ./Drivers/STM32H7xx_HAL_Driver/Src/stm32h7xx_hal_uart_ex.o
                0x000000000800d21c                HAL_UARTEx_SetRxFifoThreshold
 .text.UARTEx_SetNbDataToProcess
                0x000000000800d298       0x9c ./Drivers/STM32H7xx_HAL_Driver/Src/stm32h7xx_hal_uart_ex.o
 .text.__errno  0x000000000800d334        0xc c:/st/stm32cubeide_1.10.1/stm32cubeide/plugins/com.st.stm32cube.ide.mcu.externaltools.gnu-tools-for-stm32.10.3-2021.10.win32_1.0.0.202111181127/tools/bin/../lib/gcc/arm-none-eabi/10.3.1/../../../../arm-none-eabi/lib/thumb/v7e-m+dp/hard\libc_nano.a(lib_a-errno.o)
                0x000000000800d334                __errno
 .text.__libc_init_array
                0x000000000800d340       0x48 c:/st/stm32cubeide_1.10.1/stm32cubeide/plugins/com.st.stm32cube.ide.mcu.externaltools.gnu-tools-for-stm32.10.3-2021.10.win32_1.0.0.202111181127/tools/bin/../lib/gcc/arm-none-eabi/10.3.1/../../../../arm-none-eabi/lib/thumb/v7e-m+dp/hard\libc_nano.a(lib_a-init.o)
                0x000000000800d340                __libc_init_array
 .text.memcpy   0x000000000800d388       0x1c c:/st/stm32cubeide_1.10.1/stm32cubeide/plugins/com.st.stm32cube.ide.mcu.externaltools.gnu-tools-for-stm32.10.3-2021.10.win32_1.0.0.202111181127/tools/bin/../lib/gcc/arm-none-eabi/10.3.1/../../../../arm-none-eabi/lib/thumb/v7e-m+dp/hard\libc_nano.a(lib_a-memcpy-stub.o)
                0x000000000800d388                memcpy
 .text.memset   0x000000000800d3a4       0x10 c:/st/stm32cubeide_1.10.1/stm32cubeide/plugins/com.st.stm32cube.ide.mcu.externaltools.gnu-tools-for-stm32.10.3-2021.10.win32_1.0.0.202111181127/tools/bin/../lib/gcc/arm-none-eabi/10.3.1/../../../../arm-none-eabi/lib/thumb/v7e-m+dp/hard\libc_nano.a(lib_a-memset.o)
                0x000000000800d3a4                memset
 .text.__cvt    0x000000000800d3b4       0xa4 c:/st/stm32cubeide_1.10.1/stm32cubeide/plugins/com.st.stm32cube.ide.mcu.externaltools.gnu-tools-for-stm32.10.3-2021.10.win32_1.0.0.202111181127/tools/bin/../lib/gcc/arm-none-eabi/10.3.1/../../../../arm-none-eabi/lib/thumb/v7e-m+dp/hard\libc_nano.a(lib_a-nano-vfprintf_float.o)
                0x000000000800d3b4                __cvt
 .text.__exponent
                0x000000000800d458       0x7c c:/st/stm32cubeide_1.10.1/stm32cubeide/plugins/com.st.stm32cube.ide.mcu.externaltools.gnu-tools-for-stm32.10.3-2021.10.win32_1.0.0.202111181127/tools/bin/../lib/gcc/arm-none-eabi/10.3.1/../../../../arm-none-eabi/lib/thumb/v7e-m+dp/hard\libc_nano.a(lib_a-nano-vfprintf_float.o)
                0x000000000800d458                __exponent
 *fill*         0x000000000800d4d4        0x4 
 .text._printf_float
                0x000000000800d4d8      0x43c c:/st/stm32cubeide_1.10.1/stm32cubeide/plugins/com.st.stm32cube.ide.mcu.externaltools.gnu-tools-for-stm32.10.3-2021.10.win32_1.0.0.202111181127/tools/bin/../lib/gcc/arm-none-eabi/10.3.1/../../../../arm-none-eabi/lib/thumb/v7e-m+dp/hard\libc_nano.a(lib_a-nano-vfprintf_float.o)
                0x000000000800d4d8                _printf_float
 .text._printf_common
                0x000000000800d914       0xda c:/st/stm32cubeide_1.10.1/stm32cubeide/plugins/com.st.stm32cube.ide.mcu.externaltools.gnu-tools-for-stm32.10.3-2021.10.win32_1.0.0.202111181127/tools/bin/../lib/gcc/arm-none-eabi/10.3.1/../../../../arm-none-eabi/lib/thumb/v7e-m+dp/hard\libc_nano.a(lib_a-nano-vfprintf_i.o)
                0x000000000800d914                _printf_common
 *fill*         0x000000000800d9ee        0x2 
 .text._printf_i
                0x000000000800d9f0      0x24c c:/st/stm32cubeide_1.10.1/stm32cubeide/plugins/com.st.stm32cube.ide.mcu.externaltools.gnu-tools-for-stm32.10.3-2021.10.win32_1.0.0.202111181127/tools/bin/../lib/gcc/arm-none-eabi/10.3.1/../../../../arm-none-eabi/lib/thumb/v7e-m+dp/hard\libc_nano.a(lib_a-nano-vfprintf_i.o)
                0x000000000800d9f0                _printf_i
 .text.printf   0x000000000800dc3c       0x30 c:/st/stm32cubeide_1.10.1/stm32cubeide/plugins/com.st.stm32cube.ide.mcu.externaltools.gnu-tools-for-stm32.10.3-2021.10.win32_1.0.0.202111181127/tools/bin/../lib/gcc/arm-none-eabi/10.3.1/../../../../arm-none-eabi/lib/thumb/v7e-m+dp/hard\libc_nano.a(lib_a-printf.o)
                0x000000000800dc3c                iprintf
                0x000000000800dc3c                printf
 .text.quorem   0x000000000800dc6c      0x116 c:/st/stm32cubeide_1.10.1/stm32cubeide/plugins/com.st.stm32cube.ide.mcu.externaltools.gnu-tools-for-stm32.10.3-2021.10.win32_1.0.0.202111181127/tools/bin/../lib/gcc/arm-none-eabi/10.3.1/../../../../arm-none-eabi/lib/thumb/v7e-m+dp/hard\libc_nano.a(lib_a-dtoa.o)
 *fill*         0x000000000800dd82        0x6 
 .text._dtoa_r  0x000000000800dd88      0xadc c:/st/stm32cubeide_1.10.1/stm32cubeide/plugins/com.st.stm32cube.ide.mcu.externaltools.gnu-tools-for-stm32.10.3-2021.10.win32_1.0.0.202111181127/tools/bin/../lib/gcc/arm-none-eabi/10.3.1/../../../../arm-none-eabi/lib/thumb/v7e-m+dp/hard\libc_nano.a(lib_a-dtoa.o)
                0x000000000800dd88                _dtoa_r
 .text.std      0x000000000800e864       0x48 c:/st/stm32cubeide_1.10.1/stm32cubeide/plugins/com.st.stm32cube.ide.mcu.externaltools.gnu-tools-for-stm32.10.3-2021.10.win32_1.0.0.202111181127/tools/bin/../lib/gcc/arm-none-eabi/10.3.1/../../../../arm-none-eabi/lib/thumb/v7e-m+dp/hard\libc_nano.a(lib_a-findfp.o)
 .text._cleanup_r
                0x000000000800e8ac        0xc c:/st/stm32cubeide_1.10.1/stm32cubeide/plugins/com.st.stm32cube.ide.mcu.externaltools.gnu-tools-for-stm32.10.3-2021.10.win32_1.0.0.202111181127/tools/bin/../lib/gcc/arm-none-eabi/10.3.1/../../../../arm-none-eabi/lib/thumb/v7e-m+dp/hard\libc_nano.a(lib_a-findfp.o)
                0x000000000800e8ac                _cleanup_r
 .text.__sfmoreglue
                0x000000000800e8b8       0x2c c:/st/stm32cubeide_1.10.1/stm32cubeide/plugins/com.st.stm32cube.ide.mcu.externaltools.gnu-tools-for-stm32.10.3-2021.10.win32_1.0.0.202111181127/tools/bin/../lib/gcc/arm-none-eabi/10.3.1/../../../../arm-none-eabi/lib/thumb/v7e-m+dp/hard\libc_nano.a(lib_a-findfp.o)
                0x000000000800e8b8                __sfmoreglue
 .text.__sfp_lock_acquire
                0x000000000800e8e4        0xc c:/st/stm32cubeide_1.10.1/stm32cubeide/plugins/com.st.stm32cube.ide.mcu.externaltools.gnu-tools-for-stm32.10.3-2021.10.win32_1.0.0.202111181127/tools/bin/../lib/gcc/arm-none-eabi/10.3.1/../../../../arm-none-eabi/lib/thumb/v7e-m+dp/hard\libc_nano.a(lib_a-findfp.o)
                0x000000000800e8e4                __sfp_lock_acquire
 .text.__sfp_lock_release
                0x000000000800e8f0        0xc c:/st/stm32cubeide_1.10.1/stm32cubeide/plugins/com.st.stm32cube.ide.mcu.externaltools.gnu-tools-for-stm32.10.3-2021.10.win32_1.0.0.202111181127/tools/bin/../lib/gcc/arm-none-eabi/10.3.1/../../../../arm-none-eabi/lib/thumb/v7e-m+dp/hard\libc_nano.a(lib_a-findfp.o)
                0x000000000800e8f0                __sfp_lock_release
 .text.__sinit_lock_acquire
                0x000000000800e8fc        0xc c:/st/stm32cubeide_1.10.1/stm32cubeide/plugins/com.st.stm32cube.ide.mcu.externaltools.gnu-tools-for-stm32.10.3-2021.10.win32_1.0.0.202111181127/tools/bin/../lib/gcc/arm-none-eabi/10.3.1/../../../../arm-none-eabi/lib/thumb/v7e-m+dp/hard\libc_nano.a(lib_a-findfp.o)
                0x000000000800e8fc                __sinit_lock_acquire
 .text.__sinit_lock_release
                0x000000000800e908        0xc c:/st/stm32cubeide_1.10.1/stm32cubeide/plugins/com.st.stm32cube.ide.mcu.externaltools.gnu-tools-for-stm32.10.3-2021.10.win32_1.0.0.202111181127/tools/bin/../lib/gcc/arm-none-eabi/10.3.1/../../../../arm-none-eabi/lib/thumb/v7e-m+dp/hard\libc_nano.a(lib_a-findfp.o)
                0x000000000800e908                __sinit_lock_release
 .text.__sinit  0x000000000800e914       0x70 c:/st/stm32cubeide_1.10.1/stm32cubeide/plugins/com.st.stm32cube.ide.mcu.externaltools.gnu-tools-for-stm32.10.3-2021.10.win32_1.0.0.202111181127/tools/bin/../lib/gcc/arm-none-eabi/10.3.1/../../../../arm-none-eabi/lib/thumb/v7e-m+dp/hard\libc_nano.a(lib_a-findfp.o)
                0x000000000800e914                __sinit
 .text.__sfp    0x000000000800e984       0x8c c:/st/stm32cubeide_1.10.1/stm32cubeide/plugins/com.st.stm32cube.ide.mcu.externaltools.gnu-tools-for-stm32.10.3-2021.10.win32_1.0.0.202111181127/tools/bin/../lib/gcc/arm-none-eabi/10.3.1/../../../../arm-none-eabi/lib/thumb/v7e-m+dp/hard\libc_nano.a(lib_a-findfp.o)
                0x000000000800e984                __sfp
 .text._fwalk_reent
                0x000000000800ea10       0x3e c:/st/stm32cubeide_1.10.1/stm32cubeide/plugins/com.st.stm32cube.ide.mcu.externaltools.gnu-tools-for-stm32.10.3-2021.10.win32_1.0.0.202111181127/tools/bin/../lib/gcc/arm-none-eabi/10.3.1/../../../../arm-none-eabi/lib/thumb/v7e-m+dp/hard\libc_nano.a(lib_a-fwalk.o)
                0x000000000800ea10                _fwalk_reent
 *fill*         0x000000000800ea4e        0x2 
 .text._localeconv_r
                0x000000000800ea50        0x8 c:/st/stm32cubeide_1.10.1/stm32cubeide/plugins/com.st.stm32cube.ide.mcu.externaltools.gnu-tools-for-stm32.10.3-2021.10.win32_1.0.0.202111181127/tools/bin/../lib/gcc/arm-none-eabi/10.3.1/../../../../arm-none-eabi/lib/thumb/v7e-m+dp/hard\libc_nano.a(lib_a-localeconv.o)
                0x000000000800ea50                _localeconv_r
 .text.__retarget_lock_init_recursive
                0x000000000800ea58        0x2 c:/st/stm32cubeide_1.10.1/stm32cubeide/plugins/com.st.stm32cube.ide.mcu.externaltools.gnu-tools-for-stm32.10.3-2021.10.win32_1.0.0.202111181127/tools/bin/../lib/gcc/arm-none-eabi/10.3.1/../../../../arm-none-eabi/lib/thumb/v7e-m+dp/hard\libc_nano.a(lib_a-lock.o)
                0x000000000800ea58                __retarget_lock_init_recursive
 .text.__retarget_lock_acquire_recursive
                0x000000000800ea5a        0x2 c:/st/stm32cubeide_1.10.1/stm32cubeide/plugins/com.st.stm32cube.ide.mcu.externaltools.gnu-tools-for-stm32.10.3-2021.10.win32_1.0.0.202111181127/tools/bin/../lib/gcc/arm-none-eabi/10.3.1/../../../../arm-none-eabi/lib/thumb/v7e-m+dp/hard\libc_nano.a(lib_a-lock.o)
                0x000000000800ea5a                __retarget_lock_acquire_recursive
 .text.__retarget_lock_release_recursive
                0x000000000800ea5c        0x2 c:/st/stm32cubeide_1.10.1/stm32cubeide/plugins/com.st.stm32cube.ide.mcu.externaltools.gnu-tools-for-stm32.10.3-2021.10.win32_1.0.0.202111181127/tools/bin/../lib/gcc/arm-none-eabi/10.3.1/../../../../arm-none-eabi/lib/thumb/v7e-m+dp/hard\libc_nano.a(lib_a-lock.o)
                0x000000000800ea5c                __retarget_lock_release_recursive
 *fill*         0x000000000800ea5e        0x2 
 .text.malloc   0x000000000800ea60       0x10 c:/st/stm32cubeide_1.10.1/stm32cubeide/plugins/com.st.stm32cube.ide.mcu.externaltools.gnu-tools-for-stm32.10.3-2021.10.win32_1.0.0.202111181127/tools/bin/../lib/gcc/arm-none-eabi/10.3.1/../../../../arm-none-eabi/lib/thumb/v7e-m+dp/hard\libc_nano.a(lib_a-malloc.o)
                0x000000000800ea60                malloc
 .text._Balloc  0x000000000800ea70       0x80 c:/st/stm32cubeide_1.10.1/stm32cubeide/plugins/com.st.stm32cube.ide.mcu.externaltools.gnu-tools-for-stm32.10.3-2021.10.win32_1.0.0.202111181127/tools/bin/../lib/gcc/arm-none-eabi/10.3.1/../../../../arm-none-eabi/lib/thumb/v7e-m+dp/hard\libc_nano.a(lib_a-mprec.o)
                0x000000000800ea70                _Balloc
 .text._Bfree   0x000000000800eaf0       0x44 c:/st/stm32cubeide_1.10.1/stm32cubeide/plugins/com.st.stm32cube.ide.mcu.externaltools.gnu-tools-for-stm32.10.3-2021.10.win32_1.0.0.202111181127/tools/bin/../lib/gcc/arm-none-eabi/10.3.1/../../../../arm-none-eabi/lib/thumb/v7e-m+dp/hard\libc_nano.a(lib_a-mprec.o)
                0x000000000800eaf0                _Bfree
 .text.__multadd
                0x000000000800eb34       0x8c c:/st/stm32cubeide_1.10.1/stm32cubeide/plugins/com.st.stm32cube.ide.mcu.externaltools.gnu-tools-for-stm32.10.3-2021.10.win32_1.0.0.202111181127/tools/bin/../lib/gcc/arm-none-eabi/10.3.1/../../../../arm-none-eabi/lib/thumb/v7e-m+dp/hard\libc_nano.a(lib_a-mprec.o)
                0x000000000800eb34                __multadd
 .text.__hi0bits
                0x000000000800ebc0       0x40 c:/st/stm32cubeide_1.10.1/stm32cubeide/plugins/com.st.stm32cube.ide.mcu.externaltools.gnu-tools-for-stm32.10.3-2021.10.win32_1.0.0.202111181127/tools/bin/../lib/gcc/arm-none-eabi/10.3.1/../../../../arm-none-eabi/lib/thumb/v7e-m+dp/hard\libc_nano.a(lib_a-mprec.o)
                0x000000000800ebc0                __hi0bits
 .text.__lo0bits
                0x000000000800ec00       0x5e c:/st/stm32cubeide_1.10.1/stm32cubeide/plugins/com.st.stm32cube.ide.mcu.externaltools.gnu-tools-for-stm32.10.3-2021.10.win32_1.0.0.202111181127/tools/bin/../lib/gcc/arm-none-eabi/10.3.1/../../../../arm-none-eabi/lib/thumb/v7e-m+dp/hard\libc_nano.a(lib_a-mprec.o)
                0x000000000800ec00                __lo0bits
 *fill*         0x000000000800ec5e        0x2 
 .text.__i2b    0x000000000800ec60       0x2c c:/st/stm32cubeide_1.10.1/stm32cubeide/plugins/com.st.stm32cube.ide.mcu.externaltools.gnu-tools-for-stm32.10.3-2021.10.win32_1.0.0.202111181127/tools/bin/../lib/gcc/arm-none-eabi/10.3.1/../../../../arm-none-eabi/lib/thumb/v7e-m+dp/hard\libc_nano.a(lib_a-mprec.o)
                0x000000000800ec60                __i2b
 .text.__multiply
                0x000000000800ec8c      0x154 c:/st/stm32cubeide_1.10.1/stm32cubeide/plugins/com.st.stm32cube.ide.mcu.externaltools.gnu-tools-for-stm32.10.3-2021.10.win32_1.0.0.202111181127/tools/bin/../lib/gcc/arm-none-eabi/10.3.1/../../../../arm-none-eabi/lib/thumb/v7e-m+dp/hard\libc_nano.a(lib_a-mprec.o)
                0x000000000800ec8c                __multiply
 .text.__pow5mult
                0x000000000800ede0       0xb4 c:/st/stm32cubeide_1.10.1/stm32cubeide/plugins/com.st.stm32cube.ide.mcu.externaltools.gnu-tools-for-stm32.10.3-2021.10.win32_1.0.0.202111181127/tools/bin/../lib/gcc/arm-none-eabi/10.3.1/../../../../arm-none-eabi/lib/thumb/v7e-m+dp/hard\libc_nano.a(lib_a-mprec.o)
                0x000000000800ede0                __pow5mult
 .text.__lshift
                0x000000000800ee94       0xe0 c:/st/stm32cubeide_1.10.1/stm32cubeide/plugins/com.st.stm32cube.ide.mcu.externaltools.gnu-tools-for-stm32.10.3-2021.10.win32_1.0.0.202111181127/tools/bin/../lib/gcc/arm-none-eabi/10.3.1/../../../../arm-none-eabi/lib/thumb/v7e-m+dp/hard\libc_nano.a(lib_a-mprec.o)
                0x000000000800ee94                __lshift
 .text.__mcmp   0x000000000800ef74       0x38 c:/st/stm32cubeide_1.10.1/stm32cubeide/plugins/com.st.stm32cube.ide.mcu.externaltools.gnu-tools-for-stm32.10.3-2021.10.win32_1.0.0.202111181127/tools/bin/../lib/gcc/arm-none-eabi/10.3.1/../../../../arm-none-eabi/lib/thumb/v7e-m+dp/hard\libc_nano.a(lib_a-mprec.o)
                0x000000000800ef74                __mcmp
 .text.__mdiff  0x000000000800efac      0x114 c:/st/stm32cubeide_1.10.1/stm32cubeide/plugins/com.st.stm32cube.ide.mcu.externaltools.gnu-tools-for-stm32.10.3-2021.10.win32_1.0.0.202111181127/tools/bin/../lib/gcc/arm-none-eabi/10.3.1/../../../../arm-none-eabi/lib/thumb/v7e-m+dp/hard\libc_nano.a(lib_a-mprec.o)
                0x000000000800efac                __mdiff
 .text.__d2b    0x000000000800f0c0       0xb8 c:/st/stm32cubeide_1.10.1/stm32cubeide/plugins/com.st.stm32cube.ide.mcu.externaltools.gnu-tools-for-stm32.10.3-2021.10.win32_1.0.0.202111181127/tools/bin/../lib/gcc/arm-none-eabi/10.3.1/../../../../arm-none-eabi/lib/thumb/v7e-m+dp/hard\libc_nano.a(lib_a-mprec.o)
                0x000000000800f0c0                __d2b
 .text._calloc_r
                0x000000000800f178       0x2c c:/st/stm32cubeide_1.10.1/stm32cubeide/plugins/com.st.stm32cube.ide.mcu.externaltools.gnu-tools-for-stm32.10.3-2021.10.win32_1.0.0.202111181127/tools/bin/../lib/gcc/arm-none-eabi/10.3.1/../../../../arm-none-eabi/lib/thumb/v7e-m+dp/hard\libc_nano.a(lib_a-nano-callocr.o)
                0x000000000800f178                _calloc_r
 .text._free_r  0x000000000800f1a4       0x98 c:/st/stm32cubeide_1.10.1/stm32cubeide/plugins/com.st.stm32cube.ide.mcu.externaltools.gnu-tools-for-stm32.10.3-2021.10.win32_1.0.0.202111181127/tools/bin/../lib/gcc/arm-none-eabi/10.3.1/../../../../arm-none-eabi/lib/thumb/v7e-m+dp/hard\libc_nano.a(lib_a-nano-freer.o)
                0x000000000800f1a4                _free_r
 .text.sbrk_aligned
                0x000000000800f23c       0x40 c:/st/stm32cubeide_1.10.1/stm32cubeide/plugins/com.st.stm32cube.ide.mcu.externaltools.gnu-tools-for-stm32.10.3-2021.10.win32_1.0.0.202111181127/tools/bin/../lib/gcc/arm-none-eabi/10.3.1/../../../../arm-none-eabi/lib/thumb/v7e-m+dp/hard\libc_nano.a(lib_a-nano-mallocr.o)
 .text._malloc_r
                0x000000000800f27c       0xe8 c:/st/stm32cubeide_1.10.1/stm32cubeide/plugins/com.st.stm32cube.ide.mcu.externaltools.gnu-tools-for-stm32.10.3-2021.10.win32_1.0.0.202111181127/tools/bin/../lib/gcc/arm-none-eabi/10.3.1/../../../../arm-none-eabi/lib/thumb/v7e-m+dp/hard\libc_nano.a(lib_a-nano-mallocr.o)
                0x000000000800f27c                _malloc_r
 .text.__sfputc_r
                0x000000000800f364       0x2e c:/st/stm32cubeide_1.10.1/stm32cubeide/plugins/com.st.stm32cube.ide.mcu.externaltools.gnu-tools-for-stm32.10.3-2021.10.win32_1.0.0.202111181127/tools/bin/../lib/gcc/arm-none-eabi/10.3.1/../../../../arm-none-eabi/lib/thumb/v7e-m+dp/hard\libc_nano.a(lib_a-nano-vfprintf.o)
 .text.__sfputs_r
                0x000000000800f392       0x24 c:/st/stm32cubeide_1.10.1/stm32cubeide/plugins/com.st.stm32cube.ide.mcu.externaltools.gnu-tools-for-stm32.10.3-2021.10.win32_1.0.0.202111181127/tools/bin/../lib/gcc/arm-none-eabi/10.3.1/../../../../arm-none-eabi/lib/thumb/v7e-m+dp/hard\libc_nano.a(lib_a-nano-vfprintf.o)
                0x000000000800f392                __sfputs_r
 *fill*         0x000000000800f3b6        0x2 
 .text._vfprintf_r
                0x000000000800f3b8      0x260 c:/st/stm32cubeide_1.10.1/stm32cubeide/plugins/com.st.stm32cube.ide.mcu.externaltools.gnu-tools-for-stm32.10.3-2021.10.win32_1.0.0.202111181127/tools/bin/../lib/gcc/arm-none-eabi/10.3.1/../../../../arm-none-eabi/lib/thumb/v7e-m+dp/hard\libc_nano.a(lib_a-nano-vfprintf.o)
                0x000000000800f3b8                _vfprintf_r
                0x000000000800f3b8                _vfiprintf_r
 .text._sbrk_r  0x000000000800f618       0x20 c:/st/stm32cubeide_1.10.1/stm32cubeide/plugins/com.st.stm32cube.ide.mcu.externaltools.gnu-tools-for-stm32.10.3-2021.10.win32_1.0.0.202111181127/tools/bin/../lib/gcc/arm-none-eabi/10.3.1/../../../../arm-none-eabi/lib/thumb/v7e-m+dp/hard\libc_nano.a(lib_a-sbrkr.o)
                0x000000000800f618                _sbrk_r
 .text.__sread  0x000000000800f638       0x22 c:/st/stm32cubeide_1.10.1/stm32cubeide/plugins/com.st.stm32cube.ide.mcu.externaltools.gnu-tools-for-stm32.10.3-2021.10.win32_1.0.0.202111181127/tools/bin/../lib/gcc/arm-none-eabi/10.3.1/../../../../arm-none-eabi/lib/thumb/v7e-m+dp/hard\libc_nano.a(lib_a-stdio.o)
                0x000000000800f638                __sread
 .text.__swrite
                0x000000000800f65a       0x38 c:/st/stm32cubeide_1.10.1/stm32cubeide/plugins/com.st.stm32cube.ide.mcu.externaltools.gnu-tools-for-stm32.10.3-2021.10.win32_1.0.0.202111181127/tools/bin/../lib/gcc/arm-none-eabi/10.3.1/../../../../arm-none-eabi/lib/thumb/v7e-m+dp/hard\libc_nano.a(lib_a-stdio.o)
                0x000000000800f65a                __swrite
 .text.__sseek  0x000000000800f692       0x24 c:/st/stm32cubeide_1.10.1/stm32cubeide/plugins/com.st.stm32cube.ide.mcu.externaltools.gnu-tools-for-stm32.10.3-2021.10.win32_1.0.0.202111181127/tools/bin/../lib/gcc/arm-none-eabi/10.3.1/../../../../arm-none-eabi/lib/thumb/v7e-m+dp/hard\libc_nano.a(lib_a-stdio.o)
                0x000000000800f692                __sseek
 .text.__sclose
                0x000000000800f6b6        0x8 c:/st/stm32cubeide_1.10.1/stm32cubeide/plugins/com.st.stm32cube.ide.mcu.externaltools.gnu-tools-for-stm32.10.3-2021.10.win32_1.0.0.202111181127/tools/bin/../lib/gcc/arm-none-eabi/10.3.1/../../../../arm-none-eabi/lib/thumb/v7e-m+dp/hard\libc_nano.a(lib_a-stdio.o)
                0x000000000800f6b6                __sclose
 *fill*         0x000000000800f6be        0x2 
 .text.__swbuf_r
                0x000000000800f6c0       0xa4 c:/st/stm32cubeide_1.10.1/stm32cubeide/plugins/com.st.stm32cube.ide.mcu.externaltools.gnu-tools-for-stm32.10.3-2021.10.win32_1.0.0.202111181127/tools/bin/../lib/gcc/arm-none-eabi/10.3.1/../../../../arm-none-eabi/lib/thumb/v7e-m+dp/hard\libc_nano.a(lib_a-wbuf.o)
                0x000000000800f6c0                __swbuf_r
 .text._write_r
                0x000000000800f764       0x24 c:/st/stm32cubeide_1.10.1/stm32cubeide/plugins/com.st.stm32cube.ide.mcu.externaltools.gnu-tools-for-stm32.10.3-2021.10.win32_1.0.0.202111181127/tools/bin/../lib/gcc/arm-none-eabi/10.3.1/../../../../arm-none-eabi/lib/thumb/v7e-m+dp/hard\libc_nano.a(lib_a-writer.o)
                0x000000000800f764                _write_r
 .text.__swsetup_r
                0x000000000800f788       0xdc c:/st/stm32cubeide_1.10.1/stm32cubeide/plugins/com.st.stm32cube.ide.mcu.externaltools.gnu-tools-for-stm32.10.3-2021.10.win32_1.0.0.202111181127/tools/bin/../lib/gcc/arm-none-eabi/10.3.1/../../../../arm-none-eabi/lib/thumb/v7e-m+dp/hard\libc_nano.a(lib_a-wsetup.o)
                0x000000000800f788                __swsetup_r
 .text.__assert_func
                0x000000000800f864       0x3c c:/st/stm32cubeide_1.10.1/stm32cubeide/plugins/com.st.stm32cube.ide.mcu.externaltools.gnu-tools-for-stm32.10.3-2021.10.win32_1.0.0.202111181127/tools/bin/../lib/gcc/arm-none-eabi/10.3.1/../../../../arm-none-eabi/lib/thumb/v7e-m+dp/hard\libc_nano.a(lib_a-assert.o)
                0x000000000800f864                __assert_func
 .text._close_r
                0x000000000800f8a0       0x20 c:/st/stm32cubeide_1.10.1/stm32cubeide/plugins/com.st.stm32cube.ide.mcu.externaltools.gnu-tools-for-stm32.10.3-2021.10.win32_1.0.0.202111181127/tools/bin/../lib/gcc/arm-none-eabi/10.3.1/../../../../arm-none-eabi/lib/thumb/v7e-m+dp/hard\libc_nano.a(lib_a-closer.o)
                0x000000000800f8a0                _close_r
 .text.__sflush_r
                0x000000000800f8c0      0x10c c:/st/stm32cubeide_1.10.1/stm32cubeide/plugins/com.st.stm32cube.ide.mcu.externaltools.gnu-tools-for-stm32.10.3-2021.10.win32_1.0.0.202111181127/tools/bin/../lib/gcc/arm-none-eabi/10.3.1/../../../../arm-none-eabi/lib/thumb/v7e-m+dp/hard\libc_nano.a(lib_a-fflush.o)
                0x000000000800f8c0                __sflush_r
 .text._fflush_r
                0x000000000800f9cc       0x78 c:/st/stm32cubeide_1.10.1/stm32cubeide/plugins/com.st.stm32cube.ide.mcu.externaltools.gnu-tools-for-stm32.10.3-2021.10.win32_1.0.0.202111181127/tools/bin/../lib/gcc/arm-none-eabi/10.3.1/../../../../arm-none-eabi/lib/thumb/v7e-m+dp/hard\libc_nano.a(lib_a-fflush.o)
                0x000000000800f9cc                _fflush_r
 .text.fprintf  0x000000000800fa44       0x24 c:/st/stm32cubeide_1.10.1/stm32cubeide/plugins/com.st.stm32cube.ide.mcu.externaltools.gnu-tools-for-stm32.10.3-2021.10.win32_1.0.0.202111181127/tools/bin/../lib/gcc/arm-none-eabi/10.3.1/../../../../arm-none-eabi/lib/thumb/v7e-m+dp/hard\libc_nano.a(lib_a-fprintf.o)
                0x000000000800fa44                fiprintf
                0x000000000800fa44                fprintf
 .text._lseek_r
                0x000000000800fa68       0x24 c:/st/stm32cubeide_1.10.1/stm32cubeide/plugins/com.st.stm32cube.ide.mcu.externaltools.gnu-tools-for-stm32.10.3-2021.10.win32_1.0.0.202111181127/tools/bin/../lib/gcc/arm-none-eabi/10.3.1/../../../../arm-none-eabi/lib/thumb/v7e-m+dp/hard\libc_nano.a(lib_a-lseekr.o)
                0x000000000800fa68                _lseek_r
 .text.__swhatbuf_r
                0x000000000800fa8c       0x4a c:/st/stm32cubeide_1.10.1/stm32cubeide/plugins/com.st.stm32cube.ide.mcu.externaltools.gnu-tools-for-stm32.10.3-2021.10.win32_1.0.0.202111181127/tools/bin/../lib/gcc/arm-none-eabi/10.3.1/../../../../arm-none-eabi/lib/thumb/v7e-m+dp/hard\libc_nano.a(lib_a-makebuf.o)
                0x000000000800fa8c                __swhatbuf_r
 *fill*         0x000000000800fad6        0x2 
 .text.__smakebuf_r
                0x000000000800fad8       0x80 c:/st/stm32cubeide_1.10.1/stm32cubeide/plugins/com.st.stm32cube.ide.mcu.externaltools.gnu-tools-for-stm32.10.3-2021.10.win32_1.0.0.202111181127/tools/bin/../lib/gcc/arm-none-eabi/10.3.1/../../../../arm-none-eabi/lib/thumb/v7e-m+dp/hard\libc_nano.a(lib_a-makebuf.o)
                0x000000000800fad8                __smakebuf_r
 .text.__ascii_mbtowc
                0x000000000800fb58       0x24 c:/st/stm32cubeide_1.10.1/stm32cubeide/plugins/com.st.stm32cube.ide.mcu.externaltools.gnu-tools-for-stm32.10.3-2021.10.win32_1.0.0.202111181127/tools/bin/../lib/gcc/arm-none-eabi/10.3.1/../../../../arm-none-eabi/lib/thumb/v7e-m+dp/hard\libc_nano.a(lib_a-mbtowc_r.o)
                0x000000000800fb58                __ascii_mbtowc
 .text.__malloc_lock
                0x000000000800fb7c        0xc c:/st/stm32cubeide_1.10.1/stm32cubeide/plugins/com.st.stm32cube.ide.mcu.externaltools.gnu-tools-for-stm32.10.3-2021.10.win32_1.0.0.202111181127/tools/bin/../lib/gcc/arm-none-eabi/10.3.1/../../../../arm-none-eabi/lib/thumb/v7e-m+dp/hard\libc_nano.a(lib_a-mlock.o)
                0x000000000800fb7c                __malloc_lock
 .text.__malloc_unlock
                0x000000000800fb88        0xc c:/st/stm32cubeide_1.10.1/stm32cubeide/plugins/com.st.stm32cube.ide.mcu.externaltools.gnu-tools-for-stm32.10.3-2021.10.win32_1.0.0.202111181127/tools/bin/../lib/gcc/arm-none-eabi/10.3.1/../../../../arm-none-eabi/lib/thumb/v7e-m+dp/hard\libc_nano.a(lib_a-mlock.o)
                0x000000000800fb88                __malloc_unlock
 .text._read_r  0x000000000800fb94       0x24 c:/st/stm32cubeide_1.10.1/stm32cubeide/plugins/com.st.stm32cube.ide.mcu.externaltools.gnu-tools-for-stm32.10.3-2021.10.win32_1.0.0.202111181127/tools/bin/../lib/gcc/arm-none-eabi/10.3.1/../../../../arm-none-eabi/lib/thumb/v7e-m+dp/hard\libc_nano.a(lib_a-readr.o)
                0x000000000800fb94                _read_r
 .text.__ascii_wctomb
                0x000000000800fbb8       0x1a c:/st/stm32cubeide_1.10.1/stm32cubeide/plugins/com.st.stm32cube.ide.mcu.externaltools.gnu-tools-for-stm32.10.3-2021.10.win32_1.0.0.202111181127/tools/bin/../lib/gcc/arm-none-eabi/10.3.1/../../../../arm-none-eabi/lib/thumb/v7e-m+dp/hard\libc_nano.a(lib_a-wctomb_r.o)
                0x000000000800fbb8                __ascii_wctomb
 .text.abort    0x000000000800fbd2        0xe c:/st/stm32cubeide_1.10.1/stm32cubeide/plugins/com.st.stm32cube.ide.mcu.externaltools.gnu-tools-for-stm32.10.3-2021.10.win32_1.0.0.202111181127/tools/bin/../lib/gcc/arm-none-eabi/10.3.1/../../../../arm-none-eabi/lib/thumb/v7e-m+dp/hard\libc_nano.a(lib_a-abort.o)
                0x000000000800fbd2                abort
 .text._fstat_r
                0x000000000800fbe0       0x24 c:/st/stm32cubeide_1.10.1/stm32cubeide/plugins/com.st.stm32cube.ide.mcu.externaltools.gnu-tools-for-stm32.10.3-2021.10.win32_1.0.0.202111181127/tools/bin/../lib/gcc/arm-none-eabi/10.3.1/../../../../arm-none-eabi/lib/thumb/v7e-m+dp/hard\libc_nano.a(lib_a-fstatr.o)
                0x000000000800fbe0                _fstat_r
 .text._isatty_r
                0x000000000800fc04       0x20 c:/st/stm32cubeide_1.10.1/stm32cubeide/plugins/com.st.stm32cube.ide.mcu.externaltools.gnu-tools-for-stm32.10.3-2021.10.win32_1.0.0.202111181127/tools/bin/../lib/gcc/arm-none-eabi/10.3.1/../../../../arm-none-eabi/lib/thumb/v7e-m+dp/hard\libc_nano.a(lib_a-isattyr.o)
                0x000000000800fc04                _isatty_r
 .text._raise_r
                0x000000000800fc24       0x50 c:/st/stm32cubeide_1.10.1/stm32cubeide/plugins/com.st.stm32cube.ide.mcu.externaltools.gnu-tools-for-stm32.10.3-2021.10.win32_1.0.0.202111181127/tools/bin/../lib/gcc/arm-none-eabi/10.3.1/../../../../arm-none-eabi/lib/thumb/v7e-m+dp/hard\libc_nano.a(lib_a-signal.o)
                0x000000000800fc24                _raise_r
 .text.raise    0x000000000800fc74       0x10 c:/st/stm32cubeide_1.10.1/stm32cubeide/plugins/com.st.stm32cube.ide.mcu.externaltools.gnu-tools-for-stm32.10.3-2021.10.win32_1.0.0.202111181127/tools/bin/../lib/gcc/arm-none-eabi/10.3.1/../../../../arm-none-eabi/lib/thumb/v7e-m+dp/hard\libc_nano.a(lib_a-signal.o)
                0x000000000800fc74                raise
 .text._kill_r  0x000000000800fc84       0x24 c:/st/stm32cubeide_1.10.1/stm32cubeide/plugins/com.st.stm32cube.ide.mcu.externaltools.gnu-tools-for-stm32.10.3-2021.10.win32_1.0.0.202111181127/tools/bin/../lib/gcc/arm-none-eabi/10.3.1/../../../../arm-none-eabi/lib/thumb/v7e-m+dp/hard\libc_nano.a(lib_a-signalr.o)
                0x000000000800fc84                _kill_r
 .text._getpid_r
                0x000000000800fca8        0x4 c:/st/stm32cubeide_1.10.1/stm32cubeide/plugins/com.st.stm32cube.ide.mcu.externaltools.gnu-tools-for-stm32.10.3-2021.10.win32_1.0.0.202111181127/tools/bin/../lib/gcc/arm-none-eabi/10.3.1/../../../../arm-none-eabi/lib/thumb/v7e-m+dp/hard\libc_nano.a(lib_a-signalr.o)
                0x000000000800fca8                _getpid_r
 .text.sinf_poly
                0x000000000800fcac       0x54 c:/st/stm32cubeide_1.10.1/stm32cubeide/plugins/com.st.stm32cube.ide.mcu.externaltools.gnu-tools-for-stm32.10.3-2021.10.win32_1.0.0.202111181127/tools/bin/../lib/gcc/arm-none-eabi/10.3.1/../../../../arm-none-eabi/lib/thumb/v7e-m+dp/hard\libm.a(lib_a-cosf.o)
 .text.cosf     0x000000000800fd00      0x148 c:/st/stm32cubeide_1.10.1/stm32cubeide/plugins/com.st.stm32cube.ide.mcu.externaltools.gnu-tools-for-stm32.10.3-2021.10.win32_1.0.0.202111181127/tools/bin/../lib/gcc/arm-none-eabi/10.3.1/../../../../arm-none-eabi/lib/thumb/v7e-m+dp/hard\libm.a(lib_a-cosf.o)
                0x000000000800fd00                cosf
 .text.with_errnof
                0x000000000800fe48       0x16 c:/st/stm32cubeide_1.10.1/stm32cubeide/plugins/com.st.stm32cube.ide.mcu.externaltools.gnu-tools-for-stm32.10.3-2021.10.win32_1.0.0.202111181127/tools/bin/../lib/gcc/arm-none-eabi/10.3.1/../../../../arm-none-eabi/lib/thumb/v7e-m+dp/hard\libm.a(lib_a-math_errf.o)
 .text.__math_invalidf
                0x000000000800fe5e       0x1e c:/st/stm32cubeide_1.10.1/stm32cubeide/plugins/com.st.stm32cube.ide.mcu.externaltools.gnu-tools-for-stm32.10.3-2021.10.win32_1.0.0.202111181127/tools/bin/../lib/gcc/arm-none-eabi/10.3.1/../../../../arm-none-eabi/lib/thumb/v7e-m+dp/hard\libm.a(lib_a-math_errf.o)
                0x000000000800fe5e                __math_invalidf
 .text.tanf     0x000000000800fe7c       0x58 c:/st/stm32cubeide_1.10.1/stm32cubeide/plugins/com.st.stm32cube.ide.mcu.externaltools.gnu-tools-for-stm32.10.3-2021.10.win32_1.0.0.202111181127/tools/bin/../lib/gcc/arm-none-eabi/10.3.1/../../../../arm-none-eabi/lib/thumb/v7e-m+dp/hard\libm.a(lib_a-sf_tan.o)
                0x000000000800fe7c                tanf
 .text.sinf_poly
                0x000000000800fed4       0x54 c:/st/stm32cubeide_1.10.1/stm32cubeide/plugins/com.st.stm32cube.ide.mcu.externaltools.gnu-tools-for-stm32.10.3-2021.10.win32_1.0.0.202111181127/tools/bin/../lib/gcc/arm-none-eabi/10.3.1/../../../../arm-none-eabi/lib/thumb/v7e-m+dp/hard\libm.a(lib_a-sinf.o)
 .text.sinf     0x000000000800ff28      0x130 c:/st/stm32cubeide_1.10.1/stm32cubeide/plugins/com.st.stm32cube.ide.mcu.externaltools.gnu-tools-for-stm32.10.3-2021.10.win32_1.0.0.202111181127/tools/bin/../lib/gcc/arm-none-eabi/10.3.1/../../../../arm-none-eabi/lib/thumb/v7e-m+dp/hard\libm.a(lib_a-sinf.o)
                0x000000000800ff28                sinf
 .text.asin     0x0000000008010058       0x58 c:/st/stm32cubeide_1.10.1/stm32cubeide/plugins/com.st.stm32cube.ide.mcu.externaltools.gnu-tools-for-stm32.10.3-2021.10.win32_1.0.0.202111181127/tools/bin/../lib/gcc/arm-none-eabi/10.3.1/../../../../arm-none-eabi/lib/thumb/v7e-m+dp/hard\libm.a(lib_a-w_asin.o)
                0x0000000008010058                asin
 .text.atan2    0x00000000080100b0        0x4 c:/st/stm32cubeide_1.10.1/stm32cubeide/plugins/com.st.stm32cube.ide.mcu.externaltools.gnu-tools-for-stm32.10.3-2021.10.win32_1.0.0.202111181127/tools/bin/../lib/gcc/arm-none-eabi/10.3.1/../../../../arm-none-eabi/lib/thumb/v7e-m+dp/hard\libm.a(lib_a-w_atan2.o)
                0x00000000080100b0                atan2
 *fill*         0x00000000080100b4        0x4 
 .text.sqrt     0x00000000080100b8       0x40 c:/st/stm32cubeide_1.10.1/stm32cubeide/plugins/com.st.stm32cube.ide.mcu.externaltools.gnu-tools-for-stm32.10.3-2021.10.win32_1.0.0.202111181127/tools/bin/../lib/gcc/arm-none-eabi/10.3.1/../../../../arm-none-eabi/lib/thumb/v7e-m+dp/hard\libm.a(lib_a-w_sqrt.o)
                0x00000000080100b8                sqrt
 .text.asinf    0x00000000080100f8       0x58 c:/st/stm32cubeide_1.10.1/stm32cubeide/plugins/com.st.stm32cube.ide.mcu.externaltools.gnu-tools-for-stm32.10.3-2021.10.win32_1.0.0.202111181127/tools/bin/../lib/gcc/arm-none-eabi/10.3.1/../../../../arm-none-eabi/lib/thumb/v7e-m+dp/hard\libm.a(lib_a-wf_asin.o)
                0x00000000080100f8                asinf
 .text.atan2f   0x0000000008010150        0x4 c:/st/stm32cubeide_1.10.1/stm32cubeide/plugins/com.st.stm32cube.ide.mcu.externaltools.gnu-tools-for-stm32.10.3-2021.10.win32_1.0.0.202111181127/tools/bin/../lib/gcc/arm-none-eabi/10.3.1/../../../../arm-none-eabi/lib/thumb/v7e-m+dp/hard\libm.a(lib_a-wf_atan2.o)
                0x0000000008010150                atan2f
 .text.sqrtf    0x0000000008010154       0x3c c:/st/stm32cubeide_1.10.1/stm32cubeide/plugins/com.st.stm32cube.ide.mcu.externaltools.gnu-tools-for-stm32.10.3-2021.10.win32_1.0.0.202111181127/tools/bin/../lib/gcc/arm-none-eabi/10.3.1/../../../../arm-none-eabi/lib/thumb/v7e-m+dp/hard\libm.a(lib_a-wf_sqrt.o)
                0x0000000008010154                sqrtf
 .text.__ieee754_asin
                0x0000000008010190      0x21c c:/st/stm32cubeide_1.10.1/stm32cubeide/plugins/com.st.stm32cube.ide.mcu.externaltools.gnu-tools-for-stm32.10.3-2021.10.win32_1.0.0.202111181127/tools/bin/../lib/gcc/arm-none-eabi/10.3.1/../../../../arm-none-eabi/lib/thumb/v7e-m+dp/hard\libm.a(lib_a-e_asin.o)
                0x0000000008010190                __ieee754_asin
 *fill*         0x00000000080103ac        0x4 
 .text.__ieee754_atan2
                0x00000000080103b0      0x184 c:/st/stm32cubeide_1.10.1/stm32cubeide/plugins/com.st.stm32cube.ide.mcu.externaltools.gnu-tools-for-stm32.10.3-2021.10.win32_1.0.0.202111181127/tools/bin/../lib/gcc/arm-none-eabi/10.3.1/../../../../arm-none-eabi/lib/thumb/v7e-m+dp/hard\libm.a(lib_a-e_atan2.o)
                0x00000000080103b0                __ieee754_atan2
 .text.__ieee754_sqrt
                0x0000000008010534        0x6 c:/st/stm32cubeide_1.10.1/stm32cubeide/plugins/com.st.stm32cube.ide.mcu.externaltools.gnu-tools-for-stm32.10.3-2021.10.win32_1.0.0.202111181127/tools/bin/../lib/gcc/arm-none-eabi/10.3.1/../../../../arm-none-eabi/lib/thumb/v7e-m+dp/hard\libm.a(lib_a-e_sqrt.o)
                0x0000000008010534                __ieee754_sqrt
 *fill*         0x000000000801053a        0x2 
 .text.__ieee754_asinf
                0x000000000801053c      0x1cc c:/st/stm32cubeide_1.10.1/stm32cubeide/plugins/com.st.stm32cube.ide.mcu.externaltools.gnu-tools-for-stm32.10.3-2021.10.win32_1.0.0.202111181127/tools/bin/../lib/gcc/arm-none-eabi/10.3.1/../../../../arm-none-eabi/lib/thumb/v7e-m+dp/hard\libm.a(lib_a-ef_asin.o)
                0x000000000801053c                __ieee754_asinf
 .text.__ieee754_atan2f
                0x0000000008010708      0x13c c:/st/stm32cubeide_1.10.1/stm32cubeide/plugins/com.st.stm32cube.ide.mcu.externaltools.gnu-tools-for-stm32.10.3-2021.10.win32_1.0.0.202111181127/tools/bin/../lib/gcc/arm-none-eabi/10.3.1/../../../../arm-none-eabi/lib/thumb/v7e-m+dp/hard\libm.a(lib_a-ef_atan2.o)
                0x0000000008010708                __ieee754_atan2f
 .text.__ieee754_rem_pio2f
                0x0000000008010844      0x278 c:/st/stm32cubeide_1.10.1/stm32cubeide/plugins/com.st.stm32cube.ide.mcu.externaltools.gnu-tools-for-stm32.10.3-2021.10.win32_1.0.0.202111181127/tools/bin/../lib/gcc/arm-none-eabi/10.3.1/../../../../arm-none-eabi/lib/thumb/v7e-m+dp/hard\libm.a(lib_a-ef_rem_pio2.o)
                0x0000000008010844                __ieee754_rem_pio2f
 .text.__ieee754_sqrtf
                0x0000000008010abc        0x6 c:/st/stm32cubeide_1.10.1/stm32cubeide/plugins/com.st.stm32cube.ide.mcu.externaltools.gnu-tools-for-stm32.10.3-2021.10.win32_1.0.0.202111181127/tools/bin/../lib/gcc/arm-none-eabi/10.3.1/../../../../arm-none-eabi/lib/thumb/v7e-m+dp/hard\libm.a(lib_a-ef_sqrt.o)
                0x0000000008010abc                __ieee754_sqrtf
 *fill*         0x0000000008010ac2        0x2 
 .text.__kernel_rem_pio2f
                0x0000000008010ac4      0x4ec c:/st/stm32cubeide_1.10.1/stm32cubeide/plugins/com.st.stm32cube.ide.mcu.externaltools.gnu-tools-for-stm32.10.3-2021.10.win32_1.0.0.202111181127/tools/bin/../lib/gcc/arm-none-eabi/10.3.1/../../../../arm-none-eabi/lib/thumb/v7e-m+dp/hard\libm.a(lib_a-kf_rem_pio2.o)
                0x0000000008010ac4                __kernel_rem_pio2f
 .text.__kernel_tanf
                0x0000000008010fb0      0x1c0 c:/st/stm32cubeide_1.10.1/stm32cubeide/plugins/com.st.stm32cube.ide.mcu.externaltools.gnu-tools-for-stm32.10.3-2021.10.win32_1.0.0.202111181127/tools/bin/../lib/gcc/arm-none-eabi/10.3.1/../../../../arm-none-eabi/lib/thumb/v7e-m+dp/hard\libm.a(lib_a-kf_tan.o)
                0x0000000008010fb0                __kernel_tanf
 .text.atan     0x0000000008011170      0x1f4 c:/st/stm32cubeide_1.10.1/stm32cubeide/plugins/com.st.stm32cube.ide.mcu.externaltools.gnu-tools-for-stm32.10.3-2021.10.win32_1.0.0.202111181127/tools/bin/../lib/gcc/arm-none-eabi/10.3.1/../../../../arm-none-eabi/lib/thumb/v7e-m+dp/hard\libm.a(lib_a-s_atan.o)
                0x0000000008011170                atan
 .text.fabs     0x0000000008011364       0x12 c:/st/stm32cubeide_1.10.1/stm32cubeide/plugins/com.st.stm32cube.ide.mcu.externaltools.gnu-tools-for-stm32.10.3-2021.10.win32_1.0.0.202111181127/tools/bin/../lib/gcc/arm-none-eabi/10.3.1/../../../../arm-none-eabi/lib/thumb/v7e-m+dp/hard\libm.a(lib_a-s_fabs.o)
                0x0000000008011364                fabs
 *fill*         0x0000000008011376        0x2 
 .text.nan      0x0000000008011378       0x10 c:/st/stm32cubeide_1.10.1/stm32cubeide/plugins/com.st.stm32cube.ide.mcu.externaltools.gnu-tools-for-stm32.10.3-2021.10.win32_1.0.0.202111181127/tools/bin/../lib/gcc/arm-none-eabi/10.3.1/../../../../arm-none-eabi/lib/thumb/v7e-m+dp/hard\libm.a(lib_a-s_nan.o)
                0x0000000008011378                nan
 .text.atanf    0x0000000008011388      0x1a8 c:/st/stm32cubeide_1.10.1/stm32cubeide/plugins/com.st.stm32cube.ide.mcu.externaltools.gnu-tools-for-stm32.10.3-2021.10.win32_1.0.0.202111181127/tools/bin/../lib/gcc/arm-none-eabi/10.3.1/../../../../arm-none-eabi/lib/thumb/v7e-m+dp/hard\libm.a(lib_a-sf_atan.o)
                0x0000000008011388                atanf
 .text.fabsf    0x0000000008011530        0xe c:/st/stm32cubeide_1.10.1/stm32cubeide/plugins/com.st.stm32cube.ide.mcu.externaltools.gnu-tools-for-stm32.10.3-2021.10.win32_1.0.0.202111181127/tools/bin/../lib/gcc/arm-none-eabi/10.3.1/../../../../arm-none-eabi/lib/thumb/v7e-m+dp/hard\libm.a(lib_a-sf_fabs.o)
                0x0000000008011530                fabsf
 *fill*         0x000000000801153e        0x2 
 .text.floorf   0x0000000008011540       0x84 c:/st/stm32cubeide_1.10.1/stm32cubeide/plugins/com.st.stm32cube.ide.mcu.externaltools.gnu-tools-for-stm32.10.3-2021.10.win32_1.0.0.202111181127/tools/bin/../lib/gcc/arm-none-eabi/10.3.1/../../../../arm-none-eabi/lib/thumb/v7e-m+dp/hard\libm.a(lib_a-sf_floor.o)
                0x0000000008011540                floorf
 .text.nanf     0x00000000080115c4        0xc c:/st/stm32cubeide_1.10.1/stm32cubeide/plugins/com.st.stm32cube.ide.mcu.externaltools.gnu-tools-for-stm32.10.3-2021.10.win32_1.0.0.202111181127/tools/bin/../lib/gcc/arm-none-eabi/10.3.1/../../../../arm-none-eabi/lib/thumb/v7e-m+dp/hard\libm.a(lib_a-sf_nan.o)
                0x00000000080115c4                nanf
 .text.scalbnf  0x00000000080115d0       0xe0 c:/st/stm32cubeide_1.10.1/stm32cubeide/plugins/com.st.stm32cube.ide.mcu.externaltools.gnu-tools-for-stm32.10.3-2021.10.win32_1.0.0.202111181127/tools/bin/../lib/gcc/arm-none-eabi/10.3.1/../../../../arm-none-eabi/lib/thumb/v7e-m+dp/hard\libm.a(lib_a-sf_scalbn.o)
                0x00000000080115d0                scalbnf
 *(.glue_7)
 .glue_7        0x00000000080116b0        0x0 linker stubs
 *(.glue_7t)
 .glue_7t       0x00000000080116b0        0x0 linker stubs
 *(.eh_frame)
 .eh_frame      0x00000000080116b0        0x0 c:/st/stm32cubeide_1.10.1/stm32cubeide/plugins/com.st.stm32cube.ide.mcu.externaltools.gnu-tools-for-stm32.10.3-2021.10.win32_1.0.0.202111181127/tools/bin/../lib/gcc/arm-none-eabi/10.3.1/thumb/v7e-m+dp/hard/crtbegin.o
 *(.init)
 .init          0x00000000080116b0        0x4 c:/st/stm32cubeide_1.10.1/stm32cubeide/plugins/com.st.stm32cube.ide.mcu.externaltools.gnu-tools-for-stm32.10.3-2021.10.win32_1.0.0.202111181127/tools/bin/../lib/gcc/arm-none-eabi/10.3.1/thumb/v7e-m+dp/hard/crti.o
                0x00000000080116b0                _init
 .init          0x00000000080116b4        0x8 c:/st/stm32cubeide_1.10.1/stm32cubeide/plugins/com.st.stm32cube.ide.mcu.externaltools.gnu-tools-for-stm32.10.3-2021.10.win32_1.0.0.202111181127/tools/bin/../lib/gcc/arm-none-eabi/10.3.1/thumb/v7e-m+dp/hard/crtn.o
 *(.fini)
 .fini          0x00000000080116bc        0x4 c:/st/stm32cubeide_1.10.1/stm32cubeide/plugins/com.st.stm32cube.ide.mcu.externaltools.gnu-tools-for-stm32.10.3-2021.10.win32_1.0.0.202111181127/tools/bin/../lib/gcc/arm-none-eabi/10.3.1/thumb/v7e-m+dp/hard/crti.o
                0x00000000080116bc                _fini
 .fini          0x00000000080116c0        0x8 c:/st/stm32cubeide_1.10.1/stm32cubeide/plugins/com.st.stm32cube.ide.mcu.externaltools.gnu-tools-for-stm32.10.3-2021.10.win32_1.0.0.202111181127/tools/bin/../lib/gcc/arm-none-eabi/10.3.1/thumb/v7e-m+dp/hard/crtn.o
                0x00000000080116c8                . = ALIGN (0x4)
                0x00000000080116c8                _etext = .

.vfp11_veneer   0x00000000080116c8        0x0
 .vfp11_veneer  0x00000000080116c8        0x0 linker stubs

.v4_bx          0x00000000080116c8        0x0
 .v4_bx         0x00000000080116c8        0x0 linker stubs

.iplt           0x00000000080116c8        0x0
 .iplt          0x00000000080116c8        0x0 c:/st/stm32cubeide_1.10.1/stm32cubeide/plugins/com.st.stm32cube.ide.mcu.externaltools.gnu-tools-for-stm32.10.3-2021.10.win32_1.0.0.202111181127/tools/bin/../lib/gcc/arm-none-eabi/10.3.1/thumb/v7e-m+dp/hard/crtbegin.o

.rodata         0x00000000080116c8      0xa18
                0x00000000080116c8                . = ALIGN (0x4)
 *(.rodata)
 .rodata        0x00000000080116c8       0x24 ./Core/Src/FusionAHRS.o
 .rodata        0x00000000080116ec        0x3 ./Core/Src/bmi160.o
 *fill*         0x00000000080116ef        0x1 
 .rodata        0x00000000080116f0        0xd ./Core/Src/main.o
 *(.rodata*)
 *fill*         0x00000000080116fd        0x3 
 .rodata.int_mask_lookup_table
                0x0000000008011700        0xd ./Core/Src/bmi160.o
                0x0000000008011700                int_mask_lookup_table
 *fill*         0x000000000801170d        0x3 
 .rodata.D1CorePrescTable
                0x0000000008011710       0x10 ./Core/Src/system_stm32h7xx.o
                0x0000000008011710                D1CorePrescTable
 .rodata.UARTPrescTable
                0x0000000008011720       0x18 ./Drivers/STM32H7xx_HAL_Driver/Src/stm32h7xx_hal_uart.o
                0x0000000008011720                UARTPrescTable
 .rodata.numerator.1
                0x0000000008011738        0x8 ./Drivers/STM32H7xx_HAL_Driver/Src/stm32h7xx_hal_uart_ex.o
 .rodata.denominator.0
                0x0000000008011740        0x8 ./Drivers/STM32H7xx_HAL_Driver/Src/stm32h7xx_hal_uart_ex.o
 .rodata._global_impure_ptr
                0x0000000008011748        0x4 c:/st/stm32cubeide_1.10.1/stm32cubeide/plugins/com.st.stm32cube.ide.mcu.externaltools.gnu-tools-for-stm32.10.3-2021.10.win32_1.0.0.202111181127/tools/bin/../lib/gcc/arm-none-eabi/10.3.1/../../../../arm-none-eabi/lib/thumb/v7e-m+dp/hard\libc_nano.a(lib_a-impure.o)
                0x0000000008011748                _global_impure_ptr
 .rodata._printf_float.str1.1
                0x000000000801174c       0x12 c:/st/stm32cubeide_1.10.1/stm32cubeide/plugins/com.st.stm32cube.ide.mcu.externaltools.gnu-tools-for-stm32.10.3-2021.10.win32_1.0.0.202111181127/tools/bin/../lib/gcc/arm-none-eabi/10.3.1/../../../../arm-none-eabi/lib/thumb/v7e-m+dp/hard\libc_nano.a(lib_a-nano-vfprintf_float.o)
 .rodata._printf_i.str1.1
                0x000000000801175e       0x22 c:/st/stm32cubeide_1.10.1/stm32cubeide/plugins/com.st.stm32cube.ide.mcu.externaltools.gnu-tools-for-stm32.10.3-2021.10.win32_1.0.0.202111181127/tools/bin/../lib/gcc/arm-none-eabi/10.3.1/../../../../arm-none-eabi/lib/thumb/v7e-m+dp/hard\libc_nano.a(lib_a-nano-vfprintf_i.o)
 .rodata._dtoa_r.str1.1
                0x0000000008011780       0x90 c:/st/stm32cubeide_1.10.1/stm32cubeide/plugins/com.st.stm32cube.ide.mcu.externaltools.gnu-tools-for-stm32.10.3-2021.10.win32_1.0.0.202111181127/tools/bin/../lib/gcc/arm-none-eabi/10.3.1/../../../../arm-none-eabi/lib/thumb/v7e-m+dp/hard\libc_nano.a(lib_a-dtoa.o)
                                         0x92 (size before relaxing)
 .rodata.__sf_fake_stderr
                0x0000000008011810       0x20 c:/st/stm32cubeide_1.10.1/stm32cubeide/plugins/com.st.stm32cube.ide.mcu.externaltools.gnu-tools-for-stm32.10.3-2021.10.win32_1.0.0.202111181127/tools/bin/../lib/gcc/arm-none-eabi/10.3.1/../../../../arm-none-eabi/lib/thumb/v7e-m+dp/hard\libc_nano.a(lib_a-findfp.o)
                0x0000000008011810                __sf_fake_stderr
 .rodata.__sf_fake_stdin
                0x0000000008011830       0x20 c:/st/stm32cubeide_1.10.1/stm32cubeide/plugins/com.st.stm32cube.ide.mcu.externaltools.gnu-tools-for-stm32.10.3-2021.10.win32_1.0.0.202111181127/tools/bin/../lib/gcc/arm-none-eabi/10.3.1/../../../../arm-none-eabi/lib/thumb/v7e-m+dp/hard\libc_nano.a(lib_a-findfp.o)
                0x0000000008011830                __sf_fake_stdin
 .rodata.__sf_fake_stdout
                0x0000000008011850       0x20 c:/st/stm32cubeide_1.10.1/stm32cubeide/plugins/com.st.stm32cube.ide.mcu.externaltools.gnu-tools-for-stm32.10.3-2021.10.win32_1.0.0.202111181127/tools/bin/../lib/gcc/arm-none-eabi/10.3.1/../../../../arm-none-eabi/lib/thumb/v7e-m+dp/hard\libc_nano.a(lib_a-findfp.o)
                0x0000000008011850                __sf_fake_stdout